Archive member included because of file (symbol)

c:/program files (x86)/codesourcery/sourcery_codebench_lite_for_arm_eabi/bin/../lib/gcc/arm-none-eabi/4.6.1/../../../../arm-none-eabi/lib/thumb2\libm.a(lib_a-s_cos.o)
                              obj/src/MultiWii_2_1.o (cos)
c:/program files (x86)/codesourcery/sourcery_codebench_lite_for_arm_eabi/bin/../lib/gcc/arm-none-eabi/4.6.1/../../../../arm-none-eabi/lib/thumb2\libm.a(lib_a-s_sin.o)
                              obj/src/MultiWii_2_1.o (sin)
c:/program files (x86)/codesourcery/sourcery_codebench_lite_for_arm_eabi/bin/../lib/gcc/arm-none-eabi/4.6.1/../../../../arm-none-eabi/lib/thumb2\libm.a(lib_a-w_atan2.o)
                              obj/src/IMU.o (atan2)
c:/program files (x86)/codesourcery/sourcery_codebench_lite_for_arm_eabi/bin/../lib/gcc/arm-none-eabi/4.6.1/../../../../arm-none-eabi/lib/thumb2\libm.a(lib_a-w_pow.o)
                              obj/src/Sensors.o (pow)
c:/program files (x86)/codesourcery/sourcery_codebench_lite_for_arm_eabi/bin/../lib/gcc/arm-none-eabi/4.6.1/../../../../arm-none-eabi/lib/thumb2\libm.a(lib_a-e_atan2.o)
                              c:/program files (x86)/codesourcery/sourcery_codebench_lite_for_arm_eabi/bin/../lib/gcc/arm-none-eabi/4.6.1/../../../../arm-none-eabi/lib/thumb2\libm.a(lib_a-w_atan2.o) (__ieee754_atan2)
c:/program files (x86)/codesourcery/sourcery_codebench_lite_for_arm_eabi/bin/../lib/gcc/arm-none-eabi/4.6.1/../../../../arm-none-eabi/lib/thumb2\libm.a(lib_a-e_pow.o)
                              c:/program files (x86)/codesourcery/sourcery_codebench_lite_for_arm_eabi/bin/../lib/gcc/arm-none-eabi/4.6.1/../../../../arm-none-eabi/lib/thumb2\libm.a(lib_a-w_pow.o) (__ieee754_pow)
c:/program files (x86)/codesourcery/sourcery_codebench_lite_for_arm_eabi/bin/../lib/gcc/arm-none-eabi/4.6.1/../../../../arm-none-eabi/lib/thumb2\libm.a(lib_a-e_rem_pio2.o)
                              c:/program files (x86)/codesourcery/sourcery_codebench_lite_for_arm_eabi/bin/../lib/gcc/arm-none-eabi/4.6.1/../../../../arm-none-eabi/lib/thumb2\libm.a(lib_a-s_cos.o) (__ieee754_rem_pio2)
c:/program files (x86)/codesourcery/sourcery_codebench_lite_for_arm_eabi/bin/../lib/gcc/arm-none-eabi/4.6.1/../../../../arm-none-eabi/lib/thumb2\libm.a(lib_a-e_sqrt.o)
                              c:/program files (x86)/codesourcery/sourcery_codebench_lite_for_arm_eabi/bin/../lib/gcc/arm-none-eabi/4.6.1/../../../../arm-none-eabi/lib/thumb2\libm.a(lib_a-e_pow.o) (__ieee754_sqrt)
c:/program files (x86)/codesourcery/sourcery_codebench_lite_for_arm_eabi/bin/../lib/gcc/arm-none-eabi/4.6.1/../../../../arm-none-eabi/lib/thumb2\libm.a(lib_a-k_cos.o)
                              c:/program files (x86)/codesourcery/sourcery_codebench_lite_for_arm_eabi/bin/../lib/gcc/arm-none-eabi/4.6.1/../../../../arm-none-eabi/lib/thumb2\libm.a(lib_a-s_cos.o) (__kernel_cos)
c:/program files (x86)/codesourcery/sourcery_codebench_lite_for_arm_eabi/bin/../lib/gcc/arm-none-eabi/4.6.1/../../../../arm-none-eabi/lib/thumb2\libm.a(lib_a-k_rem_pio2.o)
                              c:/program files (x86)/codesourcery/sourcery_codebench_lite_for_arm_eabi/bin/../lib/gcc/arm-none-eabi/4.6.1/../../../../arm-none-eabi/lib/thumb2\libm.a(lib_a-e_rem_pio2.o) (__kernel_rem_pio2)
c:/program files (x86)/codesourcery/sourcery_codebench_lite_for_arm_eabi/bin/../lib/gcc/arm-none-eabi/4.6.1/../../../../arm-none-eabi/lib/thumb2\libm.a(lib_a-k_sin.o)
                              c:/program files (x86)/codesourcery/sourcery_codebench_lite_for_arm_eabi/bin/../lib/gcc/arm-none-eabi/4.6.1/../../../../arm-none-eabi/lib/thumb2\libm.a(lib_a-s_cos.o) (__kernel_sin)
c:/program files (x86)/codesourcery/sourcery_codebench_lite_for_arm_eabi/bin/../lib/gcc/arm-none-eabi/4.6.1/../../../../arm-none-eabi/lib/thumb2\libm.a(lib_a-s_atan.o)
                              c:/program files (x86)/codesourcery/sourcery_codebench_lite_for_arm_eabi/bin/../lib/gcc/arm-none-eabi/4.6.1/../../../../arm-none-eabi/lib/thumb2\libm.a(lib_a-e_atan2.o) (atan)
c:/program files (x86)/codesourcery/sourcery_codebench_lite_for_arm_eabi/bin/../lib/gcc/arm-none-eabi/4.6.1/../../../../arm-none-eabi/lib/thumb2\libm.a(lib_a-s_fabs.o)
                              c:/program files (x86)/codesourcery/sourcery_codebench_lite_for_arm_eabi/bin/../lib/gcc/arm-none-eabi/4.6.1/../../../../arm-none-eabi/lib/thumb2\libm.a(lib_a-e_atan2.o) (fabs)
c:/program files (x86)/codesourcery/sourcery_codebench_lite_for_arm_eabi/bin/../lib/gcc/arm-none-eabi/4.6.1/../../../../arm-none-eabi/lib/thumb2\libm.a(lib_a-s_finite.o)
                              c:/program files (x86)/codesourcery/sourcery_codebench_lite_for_arm_eabi/bin/../lib/gcc/arm-none-eabi/4.6.1/../../../../arm-none-eabi/lib/thumb2\libm.a(lib_a-w_pow.o) (finite)
c:/program files (x86)/codesourcery/sourcery_codebench_lite_for_arm_eabi/bin/../lib/gcc/arm-none-eabi/4.6.1/../../../../arm-none-eabi/lib/thumb2\libm.a(lib_a-s_floor.o)
[...]
Memory Configuration

Name             Origin             Length             Attributes
VECTOR           0x08000000         0x00004000         xr
SCRATCHFLASH     0x08004000         0x00004000         xr
FLASH            0x08008000         0x000f8000         xr
RAM              0x20000000         0x00020000         xrw
MEMORY_B1        0x60000000         0x00000000         xr
*default*        0x00000000         0xffffffff

Linker script and memory map

LOAD c:/program files (x86)/codesourcery/sourcery_codebench_lite_for_arm_eabi/bin/../lib/gcc/arm-none-eabi/4.6.1/thumb2/crti.o
LOAD c:/program files (x86)/codesourcery/sourcery_codebench_lite_for_arm_eabi/bin/../lib/gcc/arm-none-eabi/4.6.1/thumb2/crtbegin.o
LOAD obj/Libraries/STM32F4xx_StdPeriph_Driver/src/misc.o
LOAD obj/Libraries/STM32F4xx_StdPeriph_Driver/src/stm32f4xx_adc.o
LOAD obj/Libraries/STM32F4xx_StdPeriph_Driver/src/stm32f4xx_can.o
LOAD obj/Libraries/STM32F4xx_StdPeriph_Driver/src/stm32f4xx_crc.o
LOAD obj/Libraries/STM32F4xx_StdPeriph_Driver/src/stm32f4xx_cryp.o
LOAD obj/Libraries/STM32F4xx_StdPeriph_Driver/src/stm32f4xx_cryp_aes.o
LOAD obj/Libraries/STM32F4xx_StdPeriph_Driver/src/stm32f4xx_cryp_des.o
LOAD obj/Libraries/STM32F4xx_StdPeriph_Driver/src/stm32f4xx_cryp_tdes.o
LOAD obj/Libraries/STM32F4xx_StdPeriph_Driver/src/stm32f4xx_dac.o
LOAD obj/Libraries/STM32F4xx_StdPeriph_Driver/src/stm32f4xx_dbgmcu.o
LOAD obj/Libraries/STM32F4xx_StdPeriph_Driver/src/stm32f4xx_dcmi.o
LOAD obj/Libraries/STM32F4xx_StdPeriph_Driver/src/stm32f4xx_dma.o
LOAD obj/Libraries/STM32F4xx_StdPeriph_Driver/src/stm32f4xx_exti.o
LOAD obj/Libraries/STM32F4xx_StdPeriph_Driver/src/stm32f4xx_flash.o
LOAD obj/Libraries/STM32F4xx_StdPeriph_Driver/src/stm32f4xx_fsmc.o
LOAD obj/Libraries/STM32F4xx_StdPeriph_Driver/src/stm32f4xx_gpio.o
LOAD obj/Libraries/STM32F4xx_StdPeriph_Driver/src/stm32f4xx_hash.o
LOAD obj/Libraries/STM32F4xx_StdPeriph_Driver/src/stm32f4xx_hash_md5.o
LOAD obj/Libraries/STM32F4xx_StdPeriph_Driver/src/stm32f4xx_hash_sha1.o
LOAD obj/Libraries/STM32F4xx_StdPeriph_Driver/src/stm32f4xx_i2c.o
LOAD obj/Libraries/STM32F4xx_StdPeriph_Driver/src/stm32f4xx_iwdg.o
LOAD obj/Libraries/STM32F4xx_StdPeriph_Driver/src/stm32f4xx_pwr.o
LOAD obj/Libraries/STM32F4xx_StdPeriph_Driver/src/stm32f4xx_rcc.o
LOAD obj/Libraries/STM32F4xx_StdPeriph_Driver/src/stm32f4xx_rng.o
LOAD obj/Libraries/STM32F4xx_StdPeriph_Driver/src/stm32f4xx_rtc.o
LOAD obj/Libraries/STM32F4xx_StdPeriph_Driver/src/stm32f4xx_sdio.o
LOAD obj/Libraries/STM32F4xx_StdPeriph_Driver/src/stm32f4xx_spi.o
LOAD obj/Libraries/STM32F4xx_StdPeriph_Driver/src/stm32f4xx_syscfg.o
LOAD obj/Libraries/STM32F4xx_StdPeriph_Driver/src/stm32f4xx_tim.o
LOAD obj/Libraries/STM32F4xx_StdPeriph_Driver/src/stm32f4xx_usart.o
LOAD obj/Libraries/STM32F4xx_StdPeriph_Driver/src/stm32f4xx_wwdg.o
LOAD obj/src/harness/analog.o
LOAD obj/src/harness/clocks.o
LOAD obj/src/harness/harness.o
LOAD obj/src/harness/i2c.o
LOAD obj/src/harness/isr.o
LOAD obj/src/harness/leds.o
LOAD obj/src/harness/nonvolatile.o
LOAD obj/src/harness/pins.o
LOAD obj/src/harness/serial.o
LOAD obj/src/Buzzer.o
LOAD obj/src/EEPROM.o
LOAD obj/src/GPS.o
LOAD obj/src/IMU.o
LOAD obj/src/LCD.o
LOAD obj/src/LED.o
LOAD obj/src/MultiWii_2_1.o
LOAD obj/src/Output.o
LOAD obj/src/RX.o
LOAD obj/src/Sensors.o
LOAD obj/src/Serial.o
LOAD obj/src/system_stm32f4xx.o
LOAD obj/src/uavxarm_startups/startup_stm32f4xx.o
LOAD c:/program files (x86)/codesourcery/sourcery_codebench_lite_for_arm_eabi/bin/../lib/gcc/arm-none-eabi/4.6.1/../../../../arm-none-eabi/lib/thumb2\libm.a
                0x00001000                malloc_getpagesize_P = 0x1000
START GROUP
LOAD c:/program files (x86)/codesourcery/sourcery_codebench_lite_for_arm_eabi/bin/../lib/gcc/arm-none-eabi/4.6.1/thumb2\libgcc.a
LOAD c:/program files (x86)/codesourcery/sourcery_codebench_lite_for_arm_eabi/bin/../lib/gcc/arm-none-eabi/4.6.1/../../../../arm-none-eabi/lib/thumb2\libc.a
END GROUP
LOAD c:/program files (x86)/codesourcery/sourcery_codebench_lite_for_arm_eabi/bin/../lib/gcc/arm-none-eabi/4.6.1/thumb2/crtend.o
LOAD c:/program files (x86)/codesourcery/sourcery_codebench_lite_for_arm_eabi/bin/../lib/gcc/arm-none-eabi/4.6.1/thumb2/crtn.o
                0x20020000                _estack = 0x20020000
                0x00000000                _Min_Heap_Size = 0x0
                0x00000400                _Min_Stack_Size = 0x400

.isr_vector     0x08000000      0x188
                0x08000000                . = ALIGN (0x4)
 *(.isr_vector)
 .isr_vector    0x08000000      0x188 obj/src/uavxarm_startups/startup_stm32f4xx.o
                0x08000000                g_pfnVectors
                0x08000188                . = ALIGN (0x4)

.scratchflash   0x08004000        0x0
                0x08004000                . = ALIGN (0x4)
 *(.scratchflash)
                0x08004000                . = ALIGN (0x4)

.text           0x08008000     0xda28
                0x08008000                . = ALIGN (0x4)
 *(.text)
 .text          0x08008000       0x68 c:/program files (x86)/codesourcery/sourcery_codebench_lite_for_arm_eabi/bin/../lib/gcc/arm-none-eabi/4.6.1/thumb2/crtbegin.o
 .text          0x08008068       0x84 c:/program files (x86)/codesourcery/sourcery_codebench_lite_for_arm_eabi/bin/../lib/gcc/arm-none-eabi/4.6.1/../../../../arm-none-eabi/lib/thumb2\libm.a(lib_a-s_cos.o)
                0x08008068                cos
 .text          0x080080ec       0x98 c:/program files (x86)/codesourcery/sourcery_codebench_lite_for_arm_eabi/bin/../lib/gcc/arm-none-eabi/4.6.1/../../../../arm-none-eabi/lib/thumb2\libm.a(lib_a-s_sin.o)
                0x080080ec                sin
 .text          0x08008184        0x4 c:/program files (x86)/codesourcery/sourcery_codebench_lite_for_arm_eabi/bin/../lib/gcc/arm-none-eabi/4.6.1/../../../../arm-none-eabi/lib/thumb2\libm.a(lib_a-w_atan2.o)
                0x08008184                atan2
 .text          0x08008188      0x334 c:/program files (x86)/codesourcery/sourcery_codebench_lite_for_arm_eabi/bin/../lib/gcc/arm-none-eabi/4.6.1/../../../../arm-none-eabi/lib/thumb2\libm.a(lib_a-w_pow.o)
                0x08008188                pow
 *fill*         0x080084bc        0x4 00
 .text          0x080084c0      0x228 c:/program files (x86)/codesourcery/sourcery_codebench_lite_for_arm_eabi/bin/../lib/gcc/arm-none-eabi/4.6.1/../../../../arm-none-eabi/lib/thumb2\libm.a(lib_a-e_atan2.o)
                0x080084c0                __ieee754_atan2
 .text          0x080086e8      0xb58 c:/program files (x86)/codesourcery/sourcery_codebench_lite_for_arm_eabi/bin/../lib/gcc/arm-none-eabi/4.6.1/../../../../arm-none-eabi/lib/thumb2\libm.a(lib_a-e_pow.o)
                0x080086e8                __ieee754_pow
 .text          0x08009240      0x448 c:/program files (x86)/codesourcery/sourcery_codebench_lite_for_arm_eabi/bin/../lib/gcc/arm-none-eabi/4.6.1/../../../../arm-none-eabi/lib/thumb2\libm.a(lib_a-e_rem_pio2.o)
                0x08009240                __ieee754_rem_pio2
 .text          0x08009688      0x1b8 c:/program files (x86)/codesourcery/sourcery_codebench_lite_for_arm_eabi/bin/../lib/gcc/arm-none-eabi/4.6.1/../../../../arm-none-eabi/lib/thumb2\libm.a(lib_a-e_sqrt.o)
                0x08009688                __ieee754_sqrt
 .text          0x08009840      0x250 c:/program files (x86)/codesourcery/sourcery_codebench_lite_for_arm_eabi/bin/../lib/gcc/arm-none-eabi/4.6.1/../../../../arm-none-eabi/lib/thumb2\libm.a(lib_a-k_cos.o)
                0x08009840                __kernel_cos
 .text          0x08009a90      0x838 c:/program files (x86)/codesourcery/sourcery_codebench_lite_for_arm_eabi/bin/../lib/gcc/arm-none-eabi/4.6.1/../../../../arm-none-eabi/lib/thumb2\libm.a(lib_a-k_rem_pio2.o)
                0x08009a90                __kernel_rem_pio2
 .text          0x0800a2c8      0x168 c:/program files (x86)/codesourcery/sourcery_codebench_lite_for_arm_eabi/bin/../lib/gcc/arm-none-eabi/4.6.1/../../../../arm-none-eabi/lib/thumb2\libm.a(lib_a-k_sin.o)
                0x0800a2c8                __kernel_sin
 .text          0x0800a430      0x350 c:/program files (x86)/codesourcery/sourcery_codebench_lite_for_arm_eabi/bin/../lib/gcc/arm-none-eabi/4.6.1/../../../../arm-none-eabi/lib/thumb2\libm.a(lib_a-s_atan.o)
                0x0800a430                atan
 .text          0x0800a780        0x8 c:/program files (x86)/codesourcery/sourcery_codebench_lite_for_arm_eabi/bin/../lib/gcc/arm-none-eabi/4.6.1/../../../../arm-none-eabi/lib/thumb2\libm.a(lib_a-s_fabs.o)
                0x0800a780                fabs
 .text          0x0800a788       0x10 c:/program files (x86)/codesourcery/sourcery_codebench_lite_for_arm_eabi/bin/../lib/gcc/arm-none-eabi/4.6.1/../../../../arm-none-eabi/lib/thumb2\libm.a(lib_a-s_finite.o)
                0x0800a788                finite
 .text          0x0800a798      0x140 c:/program files (x86)/codesourcery/sourcery_codebench_lite_for_arm_eabi/bin/../lib/gcc/arm-none-eabi/4.6.1/../../../../arm-none-eabi/lib/thumb2\libm.a(lib_a-s_floor.o)
                0x0800a798                floor
 .text          0x0800a8d8       0x90 c:/program files (x86)/codesourcery/sourcery_codebench_lite_for_arm_eabi/bin/../lib/gcc/arm-none-eabi/4.6.1/../../../../arm-none-eabi/lib/thumb2\libm.a(lib_a-s_fpclassify.o)
                0x0800a8d8                __fpclassifyd
 .text          0x0800a968        0x4 c:/program files (x86)/codesourcery/sourcery_codebench_lite_for_arm_eabi/bin/../lib/gcc/arm-none-eabi/4.6.1/../../../../arm-none-eabi/lib/thumb2\libm.a(lib_a-s_matherr.o)
                0x0800a968                matherr
 .text          0x0800a96c        0xc c:/program files (x86)/codesourcery/sourcery_codebench_lite_for_arm_eabi/bin/../lib/gcc/arm-none-eabi/4.6.1/../../../../arm-none-eabi/lib/thumb2\libm.a(lib_a-s_nan.o)
                0x0800a96c                nan
 .text          0x0800a978      0x12c c:/program files (x86)/codesourcery/sourcery_codebench_lite_for_arm_eabi/bin/../lib/gcc/arm-none-eabi/4.6.1/../../../../arm-none-eabi/lib/thumb2\libm.a(lib_a-s_rint.o)
                0x0800a978                rint
 *fill*         0x0800aaa4        0x4 00
 .text          0x0800aaa8      0x118 c:/program files (x86)/codesourcery/sourcery_codebench_lite_for_arm_eabi/bin/../lib/gcc/arm-none-eabi/4.6.1/../../../../arm-none-eabi/lib/thumb2\libm.a(lib_a-s_scalbn.o)
                0x0800aaa8                scalbn
 .text          0x0800abc0       0x14 c:/program files (x86)/codesourcery/sourcery_codebench_lite_for_arm_eabi/bin/../lib/gcc/arm-none-eabi/4.6.1/../../../../arm-none-eabi/lib/thumb2\libm.a(lib_a-s_copysign.o)
                0x0800abc0                copysign
 .text          0x0800abd4      0x370 c:/program files (x86)/codesourcery/sourcery_codebench_lite_for_arm_eabi/bin/../lib/gcc/arm-none-eabi/4.6.1/thumb2\libgcc.a(_arm_addsubdf3.o)
                0x0800abd4                __aeabi_drsub
                0x0800abdc                __aeabi_dsub
                0x0800abdc                __subdf3
                0x0800abe0                __aeabi_dadd
                0x0800abe0                __adddf3
                0x0800ae58                __floatunsidf
                0x0800ae58                __aeabi_ui2d
                0x0800ae78                __floatsidf
                0x0800ae78                __aeabi_i2d
                0x0800ae9c                __aeabi_f2d
                0x0800ae9c                __extendsfdf2
                0x0800aed8                __floatundidf
                0x0800aed8                __aeabi_ul2d
                0x0800aee8                __floatdidf
                0x0800aee8                __aeabi_l2d
 .text          0x0800af44      0x424 c:/program files (x86)/codesourcery/sourcery_codebench_lite_for_arm_eabi/bin/../lib/gcc/arm-none-eabi/4.6.1/thumb2\libgcc.a(_arm_muldivdf3.o)
                0x0800af44                __aeabi_dmul
                0x0800af44                __muldf3
                0x0800b198                __divdf3
                0x0800b198                __aeabi_ddiv
 .text          0x0800b368      0x110 c:/program files (x86)/codesourcery/sourcery_codebench_lite_for_arm_eabi/bin/../lib/gcc/arm-none-eabi/4.6.1/thumb2\libgcc.a(_arm_cmpdf2.o)
                0x0800b368                __gtdf2
                0x0800b368                __gedf2
                0x0800b370                __ltdf2
                0x0800b370                __ledf2
                0x0800b378                __nedf2
                0x0800b378                __eqdf2
                0x0800b378                __cmpdf2
                0x0800b3f4                __aeabi_cdrcmple
                0x0800b404                __aeabi_cdcmpeq
                0x0800b404                __aeabi_cdcmple
                0x0800b414                __aeabi_dcmpeq
                0x0800b428                __aeabi_dcmplt
                0x0800b43c                __aeabi_dcmple
                0x0800b450                __aeabi_dcmpge
                0x0800b464                __aeabi_dcmpgt
 .text          0x0800b478       0x50 c:/program files (x86)/codesourcery/sourcery_codebench_lite_for_arm_eabi/bin/../lib/gcc/arm-none-eabi/4.6.1/thumb2\libgcc.a(_arm_fixdfsi.o)
                0x0800b478                __aeabi_d2iz
                0x0800b478                __fixdfsi
 .text          0x0800b4c8       0xa0 c:/program files (x86)/codesourcery/sourcery_codebench_lite_for_arm_eabi/bin/../lib/gcc/arm-none-eabi/4.6.1/thumb2\libgcc.a(_arm_truncdfsf2.o)
                0x0800b4c8                __truncdfsf2
                0x0800b4c8                __aeabi_d2f
 .text          0x0800b568        0xc c:/program files (x86)/codesourcery/sourcery_codebench_lite_for_arm_eabi/bin/../lib/gcc/arm-none-eabi/4.6.1/../../../../arm-none-eabi/lib/thumb2\libc.a(lib_a-errno.o)
                0x0800b568                __errno
 .text          0x0800b574       0x50 c:/program files (x86)/codesourcery/sourcery_codebench_lite_for_arm_eabi/bin/../lib/gcc/arm-none-eabi/4.6.1/../../../../arm-none-eabi/lib/thumb2\libc.a(lib_a-init.o)
                0x0800b574                __libc_init_array
 *(.text*)
 .text.NVIC_PriorityGroupConfig
                0x0800b5c4       0x14 obj/Libraries/STM32F4xx_StdPeriph_Driver/src/misc.o
                0x0800b5c4                NVIC_PriorityGroupConfig
 .text.NVIC_Init
                0x0800b5d8       0x84 obj/Libraries/STM32F4xx_StdPeriph_Driver/src/misc.o
                0x0800b5d8                NVIC_Init
 .text.ADC_Init
                0x0800b65c       0x58 obj/Libraries/STM32F4xx_StdPeriph_Driver/src/stm32f4xx_adc.o
                0x0800b65c                ADC_Init
 .text.ADC_StructInit
                0x0800b6b4       0x14 obj/Libraries/STM32F4xx_StdPeriph_Driver/src/stm32f4xx_adc.o
                0x0800b6b4                ADC_StructInit
 .text.ADC_CommonInit
                0x0800b6c8       0x34 obj/Libraries/STM32F4xx_StdPeriph_Driver/src/stm32f4xx_adc.o
                0x0800b6c8                ADC_CommonInit
 .text.ADC_CommonStructInit
                0x0800b6fc        0xc obj/Libraries/STM32F4xx_StdPeriph_Driver/src/stm32f4xx_adc.o
                0x0800b6fc                ADC_CommonStructInit
 .text.ADC_Cmd  0x0800b708       0x14 obj/Libraries/STM32F4xx_StdPeriph_Driver/src/stm32f4xx_adc.o
                0x0800b708                ADC_Cmd
 .text.ADC_RegularChannelConfig
                0x0800b71c       0x94 obj/Libraries/STM32F4xx_StdPeriph_Driver/src/stm32f4xx_adc.o
                0x0800b71c                ADC_RegularChannelConfig
 .text.ADC_SoftwareStartConv
                0x0800b7b0        0xc obj/Libraries/STM32F4xx_StdPeriph_Driver/src/stm32f4xx_adc.o
                0x0800b7b0                ADC_SoftwareStartConv
 .text.ADC_DMACmd
                0x0800b7bc       0x14 obj/Libraries/STM32F4xx_StdPeriph_Driver/src/stm32f4xx_adc.o
                0x0800b7bc                ADC_DMACmd
 .text.ADC_DMARequestAfterLastTransferCmd
                0x0800b7d0       0x14 obj/Libraries/STM32F4xx_StdPeriph_Driver/src/stm32f4xx_adc.o
                0x0800b7d0                ADC_DMARequestAfterLastTransferCmd
 .text.DMA_DeInit
                0x0800b7e4      0x1ec obj/Libraries/STM32F4xx_StdPeriph_Driver/src/stm32f4xx_dma.o
                0x0800b7e4                DMA_DeInit
 .text.DMA_Init
                0x0800b9d0       0x98 obj/Libraries/STM32F4xx_StdPeriph_Driver/src/stm32f4xx_dma.o
                0x0800b9d0                DMA_Init
 .text.DMA_StructInit
                0x0800ba68       0x24 obj/Libraries/STM32F4xx_StdPeriph_Driver/src/stm32f4xx_dma.o
                0x0800ba68                DMA_StructInit
 .text.DMA_Cmd  0x0800ba8c       0x14 obj/Libraries/STM32F4xx_StdPeriph_Driver/src/stm32f4xx_dma.o
                0x0800ba8c                DMA_Cmd
 .text.DMA_SetCurrDataCounter
                0x0800baa0        0x4 obj/Libraries/STM32F4xx_StdPeriph_Driver/src/stm32f4xx_dma.o
                0x0800baa0                DMA_SetCurrDataCounter
 .text.DMA_GetCurrDataCounter
                0x0800baa4        0x8 obj/Libraries/STM32F4xx_StdPeriph_Driver/src/stm32f4xx_dma.o
                0x0800baa4                DMA_GetCurrDataCounter
 .text.DMA_GetCmdStatus
                0x0800baac        0x8 obj/Libraries/STM32F4xx_StdPeriph_Driver/src/stm32f4xx_dma.o
                0x0800baac                DMA_GetCmdStatus
 .text.DMA_ITConfig
                0x0800bab4       0x30 obj/Libraries/STM32F4xx_StdPeriph_Driver/src/stm32f4xx_dma.o
                0x0800bab4                DMA_ITConfig
 .text.DMA_ClearITPendingBit
                0x0800bae4       0x44 obj/Libraries/STM32F4xx_StdPeriph_Driver/src/stm32f4xx_dma.o
                0x0800bae4                DMA_ClearITPendingBit
 .text.FLASH_Unlock
                0x0800bb28       0x24 obj/Libraries/STM32F4xx_StdPeriph_Driver/src/stm32f4xx_flash.o
                0x0800bb28                FLASH_Unlock
 .text.FLASH_Lock
                0x0800bb4c       0x14 obj/Libraries/STM32F4xx_StdPeriph_Driver/src/stm32f4xx_flash.o
                0x0800bb4c                FLASH_Lock
 .text.FLASH_ClearFlag
                0x0800bb60        0xc obj/Libraries/STM32F4xx_StdPeriph_Driver/src/stm32f4xx_flash.o
                0x0800bb60                FLASH_ClearFlag
 .text.FLASH_WaitForLastOperation
                0x0800bb6c       0xa0 obj/Libraries/STM32F4xx_StdPeriph_Driver/src/stm32f4xx_flash.o
                0x0800bb6c                FLASH_WaitForLastOperation
 .text.FLASH_ProgramWord
                0x0800bc0c       0x40 obj/Libraries/STM32F4xx_StdPeriph_Driver/src/stm32f4xx_flash.o
                0x0800bc0c                FLASH_ProgramWord
 .text.FLASH_EraseSector
                0x0800bc4c       0x6c obj/Libraries/STM32F4xx_StdPeriph_Driver/src/stm32f4xx_flash.o
                0x0800bc4c                FLASH_EraseSector
 .text.GPIO_Init
                0x0800bcb8      0x2f0 obj/Libraries/STM32F4xx_StdPeriph_Driver/src/stm32f4xx_gpio.o
                0x0800bcb8                GPIO_Init
 .text.GPIO_StructInit
                0x0800bfa8        0xc obj/Libraries/STM32F4xx_StdPeriph_Driver/src/stm32f4xx_gpio.o
                0x0800bfa8                GPIO_StructInit
 .text.GPIO_ReadInputDataBit
                0x0800bfb4        0xc obj/Libraries/STM32F4xx_StdPeriph_Driver/src/stm32f4xx_gpio.o
                0x0800bfb4                GPIO_ReadInputDataBit
 .text.GPIO_SetBits
                0x0800bfc0        0x4 obj/Libraries/STM32F4xx_StdPeriph_Driver/src/stm32f4xx_gpio.o
                0x0800bfc0                GPIO_SetBits
 .text.GPIO_ResetBits
                0x0800bfc4        0x4 obj/Libraries/STM32F4xx_StdPeriph_Driver/src/stm32f4xx_gpio.o
                0x0800bfc4                GPIO_ResetBits
 .text.GPIO_PinAFConfig
                0x0800bfc8       0x30 obj/Libraries/STM32F4xx_StdPeriph_Driver/src/stm32f4xx_gpio.o
                0x0800bfc8                GPIO_PinAFConfig
 .text.I2C_DeInit
                0x0800bff8       0x70 obj/Libraries/STM32F4xx_StdPeriph_Driver/src/stm32f4xx_i2c.o
                0x0800bff8                I2C_DeInit
 .text.I2C_Init
                0x0800c068       0xf0 obj/Libraries/STM32F4xx_StdPeriph_Driver/src/stm32f4xx_i2c.o
                0x0800c068                I2C_Init
 .text.I2C_StructInit
                0x0800c158       0x1c obj/Libraries/STM32F4xx_StdPeriph_Driver/src/stm32f4xx_i2c.o
                0x0800c158                I2C_StructInit
 .text.I2C_Cmd  0x0800c174       0x1c obj/Libraries/STM32F4xx_StdPeriph_Driver/src/stm32f4xx_i2c.o
                0x0800c174                I2C_Cmd
 .text.I2C_GenerateSTART
                0x0800c190       0x1c obj/Libraries/STM32F4xx_StdPeriph_Driver/src/stm32f4xx_i2c.o
                0x0800c190                I2C_GenerateSTART
 .text.I2C_GenerateSTOP
                0x0800c1ac       0x1c obj/Libraries/STM32F4xx_StdPeriph_Driver/src/stm32f4xx_i2c.o
                0x0800c1ac                I2C_GenerateSTOP
 .text.I2C_Send7bitAddress
                0x0800c1c8       0x14 obj/Libraries/STM32F4xx_StdPeriph_Driver/src/stm32f4xx_i2c.o
                0x0800c1c8                I2C_Send7bitAddress
 .text.I2C_AcknowledgeConfig
                0x0800c1dc       0x1c obj/Libraries/STM32F4xx_StdPeriph_Driver/src/stm32f4xx_i2c.o
                0x0800c1dc                I2C_AcknowledgeConfig
 .text.I2C_SendData
                0x0800c1f8        0x4 obj/Libraries/STM32F4xx_StdPeriph_Driver/src/stm32f4xx_i2c.o
                0x0800c1f8                I2C_SendData
 .text.I2C_ReceiveData
                0x0800c1fc        0x8 obj/Libraries/STM32F4xx_StdPeriph_Driver/src/stm32f4xx_i2c.o
                0x0800c1fc                I2C_ReceiveData
 .text.I2C_ITConfig
                0x0800c204       0x14 obj/Libraries/STM32F4xx_StdPeriph_Driver/src/stm32f4xx_i2c.o
                0x0800c204                I2C_ITConfig
 .text.RCC_GetClocksFreq
                0x0800c218       0xbc obj/Libraries/STM32F4xx_StdPeriph_Driver/src/stm32f4xx_rcc.o
                0x0800c218                RCC_GetClocksFreq
 .text.RCC_AHB1PeriphClockCmd
                0x0800c2d4       0x1c obj/Libraries/STM32F4xx_StdPeriph_Driver/src/stm32f4xx_rcc.o
                0x0800c2d4                RCC_AHB1PeriphClockCmd
 .text.RCC_APB1PeriphClockCmd
                0x0800c2f0       0x1c obj/Libraries/STM32F4xx_StdPeriph_Driver/src/stm32f4xx_rcc.o
                0x0800c2f0                RCC_APB1PeriphClockCmd
 .text.RCC_APB2PeriphClockCmd
                0x0800c30c       0x1c obj/Libraries/STM32F4xx_StdPeriph_Driver/src/stm32f4xx_rcc.o
                0x0800c30c                RCC_APB2PeriphClockCmd
 .text.RCC_APB1PeriphResetCmd
                0x0800c328       0x1c obj/Libraries/STM32F4xx_StdPeriph_Driver/src/stm32f4xx_rcc.o
                0x0800c328                RCC_APB1PeriphResetCmd
 .text.RCC_APB2PeriphResetCmd
                0x0800c344       0x1c obj/Libraries/STM32F4xx_StdPeriph_Driver/src/stm32f4xx_rcc.o
                0x0800c344                RCC_APB2PeriphResetCmd
 .text.RCC_ClearFlag
                0x0800c360       0x14 obj/Libraries/STM32F4xx_StdPeriph_Driver/src/stm32f4xx_rcc.o
                0x0800c360                RCC_ClearFlag
 .text.TIM_DeInit
                0x0800c374      0x1d4 obj/Libraries/STM32F4xx_StdPeriph_Driver/src/stm32f4xx_tim.o
                0x0800c374                TIM_DeInit
 .text.TIM_TimeBaseInit
                0x0800c548       0xcc obj/Libraries/STM32F4xx_StdPeriph_Driver/src/stm32f4xx_tim.o
                0x0800c548                TIM_TimeBaseInit
 .text.TIM_TimeBaseStructInit
                0x0800c614       0x14 obj/Libraries/STM32F4xx_StdPeriph_Driver/src/stm32f4xx_tim.o
                0x0800c614                TIM_TimeBaseStructInit
 .text.TIM_Cmd  0x0800c628       0x1c obj/Libraries/STM32F4xx_StdPeriph_Driver/src/stm32f4xx_tim.o
                0x0800c628                TIM_Cmd
 .text.TIM_OC1Init
                0x0800c644       0xa0 obj/Libraries/STM32F4xx_StdPeriph_Driver/src/stm32f4xx_tim.o
                0x0800c644                TIM_OC1Init
 .text.TIM_OC2Init
                0x0800c6e4       0xa0 obj/Libraries/STM32F4xx_StdPeriph_Driver/src/stm32f4xx_tim.o
                0x0800c6e4                TIM_OC2Init
 .text.TIM_OC3Init
                0x0800c784       0xa0 obj/Libraries/STM32F4xx_StdPeriph_Driver/src/stm32f4xx_tim.o
                0x0800c784                TIM_OC3Init
 .text.TIM_OC4Init
                0x0800c824       0x7c obj/Libraries/STM32F4xx_StdPeriph_Driver/src/stm32f4xx_tim.o
                0x0800c824                TIM_OC4Init
 .text.TIM_OCStructInit
                0x0800c8a0       0x14 obj/Libraries/STM32F4xx_StdPeriph_Driver/src/stm32f4xx_tim.o
                0x0800c8a0                TIM_OCStructInit
 .text.TIM_ICInit
                0x0800c8b4      0x188 obj/Libraries/STM32F4xx_StdPeriph_Driver/src/stm32f4xx_tim.o
                0x0800c8b4                TIM_ICInit
 .text.TIM_ICStructInit
                0x0800ca3c       0x10 obj/Libraries/STM32F4xx_StdPeriph_Driver/src/stm32f4xx_tim.o
                0x0800ca3c                TIM_ICStructInit
 .text.TIM_GetCapture1
                0x0800ca4c        0x4 obj/Libraries/STM32F4xx_StdPeriph_Driver/src/stm32f4xx_tim.o
                0x0800ca4c                TIM_GetCapture1
 .text.TIM_GetCapture2
                0x0800ca50        0x4 obj/Libraries/STM32F4xx_StdPeriph_Driver/src/stm32f4xx_tim.o
                0x0800ca50                TIM_GetCapture2
 .text.TIM_GetCapture3
                0x0800ca54        0x4 obj/Libraries/STM32F4xx_StdPeriph_Driver/src/stm32f4xx_tim.o
                0x0800ca54                TIM_GetCapture3
 .text.TIM_GetCapture4
                0x0800ca58        0x4 obj/Libraries/STM32F4xx_StdPeriph_Driver/src/stm32f4xx_tim.o
                0x0800ca58                TIM_GetCapture4
 .text.TIM_CtrlPWMOutputs
                0x0800ca5c       0x20 obj/Libraries/STM32F4xx_StdPeriph_Driver/src/stm32f4xx_tim.o
                0x0800ca5c                TIM_CtrlPWMOutputs
 .text.TIM_ITConfig
                0x0800ca7c       0x14 obj/Libraries/STM32F4xx_StdPeriph_Driver/src/stm32f4xx_tim.o
                0x0800ca7c                TIM_ITConfig
 .text.TIM_GetITStatus
                0x0800ca90       0x18 obj/Libraries/STM32F4xx_StdPeriph_Driver/src/stm32f4xx_tim.o
                0x0800ca90                TIM_GetITStatus
 .text.TIM_ClearITPendingBit
                0x0800caa8        0x8 obj/Libraries/STM32F4xx_StdPeriph_Driver/src/stm32f4xx_tim.o
                0x0800caa8                TIM_ClearITPendingBit
 .text.USART_DeInit
                0x0800cab0       0xd4 obj/Libraries/STM32F4xx_StdPeriph_Driver/src/stm32f4xx_usart.o
                0x0800cab0                USART_DeInit
 .text.USART_Init
                0x0800cb84      0x104 obj/Libraries/STM32F4xx_StdPeriph_Driver/src/stm32f4xx_usart.o
                0x0800cb84                USART_Init
 .text.USART_StructInit
                0x0800cc88       0x18 obj/Libraries/STM32F4xx_StdPeriph_Driver/src/stm32f4xx_usart.o
                0x0800cc88                USART_StructInit
 .text.USART_Cmd
                0x0800cca0       0x1c obj/Libraries/STM32F4xx_StdPeriph_Driver/src/stm32f4xx_usart.o
                0x0800cca0                USART_Cmd
 .text.USART_SendData
                0x0800ccbc        0x8 obj/Libraries/STM32F4xx_StdPeriph_Driver/src/stm32f4xx_usart.o
                0x0800ccbc                USART_SendData
 .text.USART_ReceiveData
                0x0800ccc4        0x8 obj/Libraries/STM32F4xx_StdPeriph_Driver/src/stm32f4xx_usart.o
                0x0800ccc4                USART_ReceiveData
 .text.USART_DMACmd
                0x0800cccc       0x14 obj/Libraries/STM32F4xx_StdPeriph_Driver/src/stm32f4xx_usart.o
                0x0800cccc                USART_DMACmd
 .text.USART_ITConfig
                0x0800cce0       0x3c obj/Libraries/STM32F4xx_StdPeriph_Driver/src/stm32f4xx_usart.o
                0x0800cce0                USART_ITConfig
 .text.USART_GetFlagStatus
                0x0800cd1c        0xc obj/Libraries/STM32F4xx_StdPeriph_Driver/src/stm32f4xx_usart.o
                0x0800cd1c                USART_GetFlagStatus
 .text.USART_GetITStatus
                0x0800cd28       0x4c obj/Libraries/STM32F4xx_StdPeriph_Driver/src/stm32f4xx_usart.o
                0x0800cd28                USART_GetITStatus
 .text.analogRead
                0x0800cd74       0x18 obj/src/harness/analog.o
                0x0800cd74                analogRead
 .text.uSClock  0x0800cd8c       0x40 obj/src/harness/clocks.o
                0x0800cd8c                uSClock
 .text.Delay1uS
                0x0800cdcc       0x68 obj/src/harness/clocks.o
                0x0800cdcc                Delay1uS
 .text.mSClock  0x0800ce34        0xc obj/src/harness/clocks.o
                0x0800ce34                mSClock
 .text.Delay1mS
                0x0800ce40       0x14 obj/src/harness/clocks.o
                0x0800ce40                Delay1mS
 .text.InitClocks
                0x0800ce54       0x88 obj/src/harness/clocks.o
                0x0800ce54                InitClocks
 .text.digitalWrite
                0x0800cedc       0x10 obj/src/harness/harness.o
                0x0800cedc                digitalWrite
 .text.digitalToggle
                0x0800ceec       0x10 obj/src/harness/harness.o
                0x0800ceec                digitalToggle
 .text.i2cUnstick
                0x0800cefc      0x124 obj/src/harness/harness.o
                0x0800cefc                i2cUnstick
 .text.InitI2C  0x0800d020       0xb0 obj/src/harness/harness.o
                0x0800d020                InitI2C
 .text.InitPWMPins
                0x0800d0d0      0x280 obj/src/harness/harness.o
                0x0800d0d0                InitPWMPins
 .text.InitAnalogPins
                0x0800d350      0x120 obj/src/harness/harness.o
                0x0800d350                InitAnalogPins
 .text.InitPortCombination
                0x0800d470      0x498 obj/src/harness/harness.o
                0x0800d470                InitPortCombination
 .text.InitHarness
                0x0800d908      0x7ec obj/src/harness/harness.o
                0x0800d908                InitHarness
 .text.i2cWriteBlock.constprop.0
                0x0800e0f4       0xd0 obj/src/harness/i2c.o
 .text.Catastrophe
                0x0800e1c4       0x1c obj/src/harness/i2c.o
                0x0800e1c4                Catastrophe
 .text.i2c_er_handler
                0x0800e1e0       0xb0 obj/src/harness/i2c.o
                0x0800e1e0                i2c_er_handler
 .text.i2cWriteBlock
                0x0800e290      0x248 obj/src/harness/i2c.o
                0x0800e290                i2cWriteBlock
 .text.i2cWrite
                0x0800e4d8       0x14 obj/src/harness/i2c.o
                0x0800e4d8                i2cWrite
 .text.i2cRead  0x0800e4ec       0xd0 obj/src/harness/i2c.o
                0x0800e4ec                i2cRead
 .text.i2c_ev_handler
                0x0800e5bc      0x4bc obj/src/harness/i2c.o
                0x0800e5bc                i2c_ev_handler
 .text.i2cBlockreadi16vataddr
                0x0800ea78      0x228 obj/src/harness/i2c.o
                0x0800ea78                i2cBlockreadi16vataddr
 .text.SysTick_Handler
                0x0800eca0       0x28 obj/src/harness/isr.o
                0x0800eca0                SysTick_Handler
 .text.NMI_Handler
                0x0800ecc8        0x4 obj/src/harness/isr.o
                0x0800ecc8                NMI_Handler
 .text.HardFault_Handler
                0x0800eccc        0xc obj/src/harness/isr.o
                0x0800eccc                HardFault_Handler
 .text.MemManage_Handler
                0x0800ecd8        0xc obj/src/harness/isr.o
                0x0800ecd8                MemManage_Handler
 .text.BusFault_Handler
                0x0800ece4        0xc obj/src/harness/isr.o
                0x0800ece4                BusFault_Handler
 .text.UsageFault_Handler
                0x0800ecf0        0xc obj/src/harness/isr.o
                0x0800ecf0                UsageFault_Handler
 .text.SVC_Handler
                0x0800ecfc        0x4 obj/src/harness/isr.o
                0x0800ecfc                SVC_Handler
 .text.DebugMon_Handler
                0x0800ed00        0x4 obj/src/harness/isr.o
                0x0800ed00                DebugMon_Handler
 .text.PendSV_Handler
                0x0800ed04        0x4 obj/src/harness/isr.o
                0x0800ed04                PendSV_Handler
 .text.TIM2_IRQHandler
                0x0800ed08        0x8 obj/src/harness/isr.o
                0x0800ed08                TIM2_IRQHandler
 .text.TIM3_IRQHandler
                0x0800ed10        0xc obj/src/harness/isr.o
                0x0800ed10                TIM3_IRQHandler
 .text.DMA2_Stream7_IRQHandler
                0x0800ed1c       0x5c obj/src/harness/isr.o
                0x0800ed1c                DMA2_Stream7_IRQHandler
 .text.DMA1_Stream6_IRQHandler
                0x0800ed78       0x5c obj/src/harness/isr.o
                0x0800ed78                DMA1_Stream6_IRQHandler
 .text.USART1_IRQHandler
                0x0800edd4        0x8 obj/src/harness/isr.o
                0x0800edd4                USART1_IRQHandler
 .text.USART2_IRQHandler
                0x0800eddc        0x4 obj/src/harness/isr.o
                0x0800eddc                USART2_IRQHandler
 .text.I2C1_ER_IRQHandler
                0x0800ede0        0x8 obj/src/harness/isr.o
                0x0800ede0                I2C1_ER_IRQHandler
 .text.I2C1_EV_IRQHandler
                0x0800ede8        0x8 obj/src/harness/isr.o
                0x0800ede8                I2C1_EV_IRQHandler
 .text.I2C2_ER_IRQHandler
                0x0800edf0        0x8 obj/src/harness/isr.o
                0x0800edf0                I2C2_ER_IRQHandler
 .text.I2C2_EV_IRQHandler
                0x0800edf8        0x8 obj/src/harness/isr.o
                0x0800edf8                I2C2_EV_IRQHandler
 .text.BeeperOff
                0x0800ee00       0x10 obj/src/harness/leds.o
                0x0800ee00                BeeperOff
 .text.LEDOn    0x0800ee10       0x1c obj/src/harness/leds.o
                0x0800ee10                LEDOn
 .text.LEDOff   0x0800ee2c       0x1c obj/src/harness/leds.o
                0x0800ee2c                LEDOff
 .text.LEDToggle
                0x0800ee48       0x18 obj/src/harness/leds.o
                0x0800ee48                LEDToggle
 .text.LEDsOn   0x0800ee60       0x34 obj/src/harness/leds.o
                0x0800ee60                LEDsOn
 .text.LEDsOff  0x0800ee94       0x34 obj/src/harness/leds.o
                0x0800ee94                LEDsOff
 .text.ReadBlockNV
                0x0800eec8       0x80 obj/src/harness/nonvolatile.o
                0x0800eec8                ReadBlockNV
 .text.WriteBlockNV
                0x0800ef48       0xc0 obj/src/harness/nonvolatile.o
                0x0800ef48                WriteBlockNV
 .text.serialTxDMA
                0x0800f008       0xa4 obj/src/harness/serial.o
                0x0800f008                serialTxDMA
 .text.serialAvailable
                0x0800f0ac       0x7c obj/src/harness/serial.o
                0x0800f0ac                serialAvailable
 .text.RxChar   0x0800f128       0x54 obj/src/harness/serial.o
                0x0800f128                RxChar
 .text.TxChar   0x0800f17c      0x158 obj/src/harness/serial.o
                0x0800f17c                TxChar
 .text.serialISR
                0x0800f2d4       0xfc obj/src/harness/serial.o
                0x0800f2d4                serialISR
 .text.beep     0x0800f3d0       0x94 obj/src/Buzzer.o
                0x0800f3d0                beep
 .text.beep_code
                0x0800f464      0x108 obj/src/Buzzer.o
                0x0800f464                beep_code
 .text.buzzer   0x0800f56c       0x74 obj/src/Buzzer.o
                0x0800f56c                buzzer
 .text.writeParams
                0x0800f5e0       0x44 obj/src/EEPROM.o
                0x0800f5e0                writeParams
 .text.checkFirstTime
                0x0800f624       0xd0 obj/src/EEPROM.o
                0x0800f624                checkFirstTime
 .text.readEEPROM
                0x0800f6f4      0x588 obj/src/EEPROM.o
                0x0800f6f4                readEEPROM
 *fill*         0x0800fc7c        0x4 00
 .text.getEstimatedAttitude
                0x0800fc80      0x448 obj/src/IMU.o
                0x0800fc80                getEstimatedAttitude
 .text.computeIMU
                0x080100c8      0x114 obj/src/IMU.o
                0x080100c8                computeIMU
 .text.getEstimatedAltitude
                0x080101dc      0x1c4 obj/src/IMU.o
                0x080101dc                getEstimatedAltitude
 .text.blinkLED
                0x080103a0      0x188 obj/src/MultiWii_2_1.o
                0x080103a0                blinkLED
 .text.annexCode
                0x08010528      0x66c obj/src/MultiWii_2_1.o
                0x08010528                annexCode
 .text.startup.main
                0x08010b94      0xf30 obj/src/MultiWii_2_1.o
                0x08010b94                main
 .text.writeMotors
                0x08011ac4       0xd0 obj/src/Output.o
                0x08011ac4                writeMotors
 .text.writeServos
                0x08011b94        0x4 obj/src/Output.o
                0x08011b94                writeServos
 .text.initOutput
                0x08011b98      0x1ac obj/src/Output.o
                0x08011b98                initOutput
 .text.mixTable
                0x08011d44      0x264 obj/src/Output.o
                0x08011d44                mixTable
 .text.RCParallelISR
                0x08011fa8      0x7ec obj/src/RX.o
                0x08011fa8                RCParallelISR
 .text.computeRC
                0x08012794      0x310 obj/src/RX.o
                0x08012794                computeRC
 .text.GYRO_Common
                0x08012aa4      0x1dc obj/src/Sensors.o
                0x08012aa4                GYRO_Common
 .text.ACC_Common
                0x08012c80      0x144 obj/src/Sensors.o
                0x08012c80                ACC_Common
 .text.i2c_MS561101BA_Calculate
                0x08012dc4      0x128 obj/src/Sensors.o
                0x08012dc4                i2c_MS561101BA_Calculate
 *fill*         0x08012eec        0x4 00
 .text.Baro_update
                0x08012ef0      0x130 obj/src/Sensors.o
                0x08012ef0                Baro_update
 .text.Mag_getADC
                0x08013020      0x26c obj/src/Sensors.o
                0x08013020                Mag_getADC
 *fill*         0x0801328c        0x4 00
 .text.Mag_init
                0x08013290      0x128 obj/src/Sensors.o
                0x08013290                Mag_init
 .text.Gyro_getADC
                0x080133b8       0x64 obj/src/Sensors.o
                0x080133b8                Gyro_getADC
 .text.ACC_init
                0x0801341c       0x68 obj/src/Sensors.o
                0x0801341c                ACC_init
 .text.ACC_getADC
                0x08013484       0x64 obj/src/Sensors.o
                0x08013484                ACC_getADC
 .text.initSensors
                0x080134e8      0x190 obj/src/Sensors.o
                0x080134e8                initSensors
 .text.SerialOpen
                0x08013678        0x4 obj/src/Serial.o
                0x08013678                SerialOpen
 .text.evaluateCommand
                0x0801367c     0x1de8 obj/src/Serial.o
                0x0801367c                evaluateCommand
 .text.serialCom
                0x08015464      0x110 obj/src/Serial.o
                0x08015464                serialCom
 .text.SystemInit
                0x08015574      0x130 obj/src/system_stm32f4xx.o
                0x08015574                SystemInit
 .text.Reset_Handler
                0x080156a4       0x54 obj/src/uavxarm_startups/startup_stm32f4xx.o
                0x080156a4                Reset_Handler
 .text.Default_Handler
                0x080156f8        0x4 obj/src/uavxarm_startups/startup_stm32f4xx.o
                0x080156f8                RTC_Alarm_IRQHandler
                0x080156f8                HASH_RNG_IRQHandler
                0x080156f8                EXTI2_IRQHandler
                0x080156f8                TIM8_CC_IRQHandler
                0x080156f8                TIM1_CC_IRQHandler
                0x080156f8                DMA2_Stream5_IRQHandler
                0x080156f8                DMA1_Stream5_IRQHandler
                0x080156f8                PVD_IRQHandler
                0x080156f8                SDIO_IRQHandler
                0x080156f8                TAMP_STAMP_IRQHandler
                0x080156f8                CAN2_RX1_IRQHandler
                0x080156f8                EXTI3_IRQHandler
                0x080156f8                TIM8_TRG_COM_TIM14_IRQHandler
                0x080156f8                TIM1_UP_TIM10_IRQHandler
                0x080156f8                TIM8_UP_TIM13_IRQHandler
                0x080156f8                I2C3_ER_IRQHandler
                0x080156f8                EXTI0_IRQHandler
                0x080156f8                DMA1_Stream2_IRQHandler
                0x080156f8                CAN1_RX0_IRQHandler
                0x080156f8                FPU_IRQHandler
                0x080156f8                OTG_HS_WKUP_IRQHandler
                0x080156f8                CAN2_SCE_IRQHandler
                0x080156f8                DMA2_Stream2_IRQHandler
                0x080156f8                SPI1_IRQHandler
                0x080156f8                TIM6_DAC_IRQHandler
                0x080156f8                TIM1_BRK_TIM9_IRQHandler
                0x080156f8                DCMI_IRQHandler
                0x080156f8                CAN2_RX0_IRQHandler
                0x080156f8                DMA2_Stream3_IRQHandler
                0x080156f8                USART6_IRQHandler
                0x080156f8                USART3_IRQHandler
                0x080156f8                CRYP_IRQHandler
                0x080156f8                CAN1_RX1_IRQHandler
                0x080156f8                UART5_IRQHandler
                0x080156f8                DMA2_Stream0_IRQHandler
                0x080156f8                TIM4_IRQHandler
                0x080156f8                DMA1_Stream1_IRQHandler
                0x080156f8                UART4_IRQHandler
                0x080156f8                RCC_IRQHandler
                0x080156f8                TIM8_BRK_TIM12_IRQHandler
                0x080156f8                Default_Handler
                0x080156f8                EXTI15_10_IRQHandler
                0x080156f8                ADC_IRQHandler
                0x080156f8                DMA1_Stream7_IRQHandler
                0x080156f8                TIM7_IRQHandler
                0x080156f8                CAN2_TX_IRQHandler
                0x080156f8                TIM5_IRQHandler
                0x080156f8                I2C3_EV_IRQHandler
                0x080156f8                EXTI9_5_IRQHandler
                0x080156f8                RTC_WKUP_IRQHandler
                0x080156f8                ETH_WKUP_IRQHandler
                0x080156f8                SPI2_IRQHandler
                0x080156f8                OTG_HS_EP1_IN_IRQHandler
                0x080156f8                DMA1_Stream0_IRQHandler
                0x080156f8                CAN1_TX_IRQHandler
                0x080156f8                EXTI4_IRQHandler
                0x080156f8                FSMC_IRQHandler
                0x080156f8                ETH_IRQHandler
                0x080156f8                OTG_HS_EP1_OUT_IRQHandler
                0x080156f8                WWDG_IRQHandler
                0x080156f8                OTG_FS_WKUP_IRQHandler
                0x080156f8                TIM1_TRG_COM_TIM11_IRQHandler
                0x080156f8                OTG_HS_IRQHandler
                0x080156f8                EXTI1_IRQHandler
                0x080156f8                DMA2_Stream1_IRQHandler
                0x080156f8                CAN1_SCE_IRQHandler
                0x080156f8                FLASH_IRQHandler
                0x080156f8                DMA2_Stream4_IRQHandler
                0x080156f8                OTG_FS_IRQHandler
                0x080156f8                SPI3_IRQHandler
                0x080156f8                DMA1_Stream4_IRQHandler
                0x080156f8                DMA2_Stream6_IRQHandler
                0x080156f8                DMA1_Stream3_IRQHandler
 *(.rodata)
 *fill*         0x080156fc        0x4 00
 .rodata        0x08015700       0x30 c:/program files (x86)/codesourcery/sourcery_codebench_lite_for_arm_eabi/bin/../lib/gcc/arm-none-eabi/4.6.1/../../../../arm-none-eabi/lib/thumb2\libm.a(lib_a-e_pow.o)
 .rodata        0x08015730      0x188 c:/program files (x86)/codesourcery/sourcery_codebench_lite_for_arm_eabi/bin/../lib/gcc/arm-none-eabi/4.6.1/../../../../arm-none-eabi/lib/thumb2\libm.a(lib_a-e_rem_pio2.o)
 .rodata        0x080158b8       0x50 c:/program files (x86)/codesourcery/sourcery_codebench_lite_for_arm_eabi/bin/../lib/gcc/arm-none-eabi/4.6.1/../../../../arm-none-eabi/lib/thumb2\libm.a(lib_a-k_rem_pio2.o)
 .rodata        0x08015908       0x40 c:/program files (x86)/codesourcery/sourcery_codebench_lite_for_arm_eabi/bin/../lib/gcc/arm-none-eabi/4.6.1/../../../../arm-none-eabi/lib/thumb2\libm.a(lib_a-s_atan.o)
 .rodata        0x08015948       0x10 c:/program files (x86)/codesourcery/sourcery_codebench_lite_for_arm_eabi/bin/../lib/gcc/arm-none-eabi/4.6.1/../../../../arm-none-eabi/lib/thumb2\libm.a(lib_a-s_rint.o)
 *(.rodata*)
 .rodata.CSWTCH.16
                0x08015958       0x18 obj/src/Buzzer.o
 .rodata.str1.4
                0x08015970       0x94 obj/src/Serial.o
 .rodata.str1.4
                0x08015a04        0x4 c:/program files (x86)/codesourcery/sourcery_codebench_lite_for_arm_eabi/bin/../lib/gcc/arm-none-eabi/4.6.1/../../../../arm-none-eabi/lib/thumb2\libm.a(lib_a-w_pow.o)
 .rodata.str1.4
                0x08015a08        0x1 c:/program files (x86)/codesourcery/sourcery_codebench_lite_for_arm_eabi/bin/../lib/gcc/arm-none-eabi/4.6.1/../../../../arm-none-eabi/lib/thumb2\libm.a(lib_a-e_pow.o)
                                  0x4 (size before relaxing)
 *fill*         0x08015a09        0x3 00
 .rodata.str1.4
                0x08015a0c        0x4 c:/program files (x86)/codesourcery/sourcery_codebench_lite_for_arm_eabi/bin/../lib/gcc/arm-none-eabi/4.6.1/../../../../arm-none-eabi/lib/thumb2\libc.a(lib_a-impure.o)
 *(.glue_7)
 .glue_7        0x00000000        0x0 linker stubs
 *(.glue_7t)
 .glue_7t       0x00000000        0x0 linker stubs
 *(.eh_frame)
 .eh_frame      0x08015a10        0x0 c:/program files (x86)/codesourcery/sourcery_codebench_lite_for_arm_eabi/bin/../lib/gcc/arm-none-eabi/4.6.1/thumb2/crtbegin.o
 *(.init)
 .init          0x08015a10        0x4 c:/program files (x86)/codesourcery/sourcery_codebench_lite_for_arm_eabi/bin/../lib/gcc/arm-none-eabi/4.6.1/thumb2/crti.o
                0x08015a10                _init
 .init          0x08015a14        0x8 c:/program files (x86)/codesourcery/sourcery_codebench_lite_for_arm_eabi/bin/../lib/gcc/arm-none-eabi/4.6.1/thumb2/crtn.o
 *(.fini)
 .fini          0x08015a1c        0x4 c:/program files (x86)/codesourcery/sourcery_codebench_lite_for_arm_eabi/bin/../lib/gcc/arm-none-eabi/4.6.1/thumb2/crti.o
                0x08015a1c                _fini
 .fini          0x08015a20        0x8 c:/program files (x86)/codesourcery/sourcery_codebench_lite_for_arm_eabi/bin/../lib/gcc/arm-none-eabi/4.6.1/thumb2/crtn.o
                0x08015a28                . = ALIGN (0x4)
                0x08015a28                _etext = .

.vfp11_veneer   0x08015a28        0x0
 .vfp11_veneer  0x00000000        0x0 linker stubs

.v4_bx          0x08015a28        0x0
 .v4_bx         0x00000000        0x0 linker stubs

.iplt           0x08015a28        0x0
 .iplt          0x00000000        0x0 c:/program files (x86)/codesourcery/sourcery_codebench_lite_for_arm_eabi/bin/../lib/gcc/arm-none-eabi/4.6.1/thumb2/crtbegin.o

.rel.dyn        0x08015a28        0x0
 .rel.iplt      0x00000000        0x0 c:/program files (x86)/codesourcery/sourcery_codebench_lite_for_arm_eabi/bin/../lib/gcc/arm-none-eabi/4.6.1/thumb2/crtbegin.o

.ARM.extab
 *(.ARM.extab* .gnu.linkonce.armextab.*)

.ARM            0x08015a28        0x0
                0x08015a28                __exidx_start = .
 *(.ARM.exidx*)
                0x08015a28                __exidx_end = .

.preinit_array  0x08015a28        0x0
                0x08015a28                PROVIDE (__preinit_array_start, .)
 *(.preinit_array*)
                0x08015a28                PROVIDE (__preinit_array_end, .)

.init_array     0x08015a28        0x4
                0x08015a28                PROVIDE (__init_array_start, .)
 *(SORT(.init_array.*))
 *(.init_array*)
 .init_array    0x08015a28        0x4 c:/program files (x86)/codesourcery/sourcery_codebench_lite_for_arm_eabi/bin/../lib/gcc/arm-none-eabi/4.6.1/thumb2/crtbegin.o
                0x08015a2c                PROVIDE (__init_array_end, .)

.fini_array     0x08015a2c        0x4
                0x08015a2c                PROVIDE (__fini_array_start, .)
 *(.fini_array*)
 .fini_array    0x08015a2c        0x4 c:/program files (x86)/codesourcery/sourcery_codebench_lite_for_arm_eabi/bin/../lib/gcc/arm-none-eabi/4.6.1/thumb2/crtbegin.o
 *(SORT(.fini_array.*))
                0x08015a30                PROVIDE (__fini_array_end, .)
                0x08015a30                _sidata = .

.data           0x20000000      0x8e0 load address 0x08015a30
                0x20000000                . = ALIGN (0x4)
                0x20000000                _sdata = .
 *(.data)
 .data          0x20000000        0x1 c:/program files (x86)/codesourcery/sourcery_codebench_lite_for_arm_eabi/bin/../lib/gcc/arm-none-eabi/4.6.1/../../../../arm-none-eabi/lib/thumb2\libm.a(lib_a-s_lib_ver.o)
                0x20000000                __fdlib_version
 *fill*         0x20000001        0x3 00
 .data          0x20000004       0xf4 c:/program files (x86)/codesourcery/sourcery_codebench_lite_for_arm_eabi/bin/../lib/gcc/arm-none-eabi/4.6.1/../../../../arm-none-eabi/lib/thumb2\libc.a(lib_a-impure.o)
                0x20000004                _impure_ptr
 *(.data*)
 .data.APBAHBPrescTable
                0x200000f8       0x10 obj/Libraries/STM32F4xx_StdPeriph_Driver/src/stm32f4xx_rcc.o
 .data.CurrMaxPWMOutputs
                0x20000108        0x1 obj/src/harness/harness.o
                0x20000108                CurrMaxPWMOutputs
 *fill*         0x20000109        0x3 00
 .data.I2CClockRate
                0x2000010c        0x4 obj/src/harness/i2c.o
                0x2000010c                I2CClockRate
 .data.PWMPins  0x20000110      0x1b8 obj/src/harness/pins.o
                0x20000110                PWMPins
 .data.AnalogPins
                0x200002c8       0xa8 obj/src/harness/pins.o
                0x200002c8                AnalogPins
 .data.RCPins   0x20000370      0x160 obj/src/harness/pins.o
                0x20000370                RCPins
 .data.SerialPorts
                0x200004d0       0x60 obj/src/harness/pins.o
                0x200004d0                SerialPorts
 .data.LEDPins  0x20000530       0xb0 obj/src/harness/pins.o
                0x20000530                LEDPins
 .data.GPIOPins
                0x200005e0      0x1b8 obj/src/harness/pins.o
                0x200005e0                GPIOPins
 .data.SPIIOPins
                0x20000798       0x84 obj/src/harness/pins.o
                0x20000798                SPIIOPins
 .data.I2CPorts
                0x2000081c       0x38 obj/src/harness/pins.o
                0x2000081c                I2CPorts
 .data.deadLine.8497
                0x20000854        0x4 obj/src/IMU.o
 .data.rcValue  0x20000858       0x10 obj/src/RX.o
                0x20000858                rcValue
 .data.rcInp    0x20000868       0x60 obj/src/RX.o
 .data.magCal   0x200008c8        0xc obj/src/Sensors.o
 .data.boxnames
                0x200008d4        0x4 obj/src/Serial.o
                0x200008d4                boxnames
 .data.pidnames
                0x200008d8        0x4 obj/src/Serial.o
                0x200008d8                pidnames
 .data.SystemCoreClock
                0x200008dc        0x4 obj/src/system_stm32f4xx.o
                0x200008dc                SystemCoreClock
                0x200008e0                . = ALIGN (0x4)
                0x200008e0                _edata = .

.jcr            0x200008e0        0x0 load address 0x08016310
 .jcr           0x200008e0        0x0 c:/program files (x86)/codesourcery/sourcery_codebench_lite_for_arm_eabi/bin/../lib/gcc/arm-none-eabi/4.6.1/thumb2/crtbegin.o

.igot.plt       0x200008e0        0x0 load address 0x08016310
 .igot.plt      0x00000000        0x0 c:/program files (x86)/codesourcery/sourcery_codebench_lite_for_arm_eabi/bin/../lib/gcc/arm-none-eabi/4.6.1/thumb2/crtbegin.o
                0x200008e0                . = ALIGN (0x4)

.bss            0x200008e0      0xba0 load address 0x08016310
                0x200008e0                _sbss = .
                0x200008e0                __bss_start__ = _sbss
 *(.bss)
 .bss           0x200008e0       0x1c c:/program files (x86)/codesourcery/sourcery_codebench_lite_for_arm_eabi/bin/../lib/gcc/arm-none-eabi/4.6.1/thumb2/crtbegin.o
 *(.bss*)
 .bss.TIM_ICInitStructure
                0x200008fc        0xc obj/src/harness/harness.o
                0x200008fc                TIM_ICInitStructure
 .bss.I2CFatal  0x20000908        0x1 obj/src/harness/i2c.o
                0x20000908                I2CFatal
 .bss.index.8499
                0x20000909        0x1 obj/src/harness/i2c.o
 *fill*         0x2000090a        0x2 00
 .bss.i2cState  0x2000090c       0x30 obj/src/harness/i2c.o
                0x2000090c                i2cState
 .bss.sysTickUptime
                0x2000093c        0x4 obj/src/harness/isr.o
                0x2000093c                sysTickUptime
 .bss.sysTickCycleCounter
                0x20000940        0x4 obj/src/harness/isr.o
                0x20000940                sysTickCycleCounter
 .bss.TxCheckSum
                0x20000944        0x1 obj/src/harness/serial.o
                0x20000944                TxCheckSum
 .bss.buzzerIsOn
                0x20000945        0x1 obj/src/Buzzer.o
 .bss.toggleBeep
                0x20000946        0x1 obj/src/Buzzer.o
                0x20000946                toggleBeep
 .bss.icnt.8455
                0x20000947        0x1 obj/src/Buzzer.o
 .bss.beepDone  0x20000948        0x1 obj/src/Buzzer.o
 *fill*         0x20000949        0x3 00
 .bss.buzzerLastToggleTime
                0x2000094c        0x4 obj/src/Buzzer.o
 .bss.GPS_angle
                0x20000950        0x4 obj/src/GPS.o
                0x20000950                GPS_angle
 .bss.gyroADCprevious.8441
                0x20000954        0x8 obj/src/IMU.o
 .bss.gyroData  0x2000095c        0x8 obj/src/IMU.o
                0x2000095c                gyroData
 .bss.timeInterleave.8444
                0x20000964        0x4 obj/src/IMU.o
 .bss.previousT.8480
                0x20000968        0x2 obj/src/IMU.o
 *fill*         0x2000096a        0x2 00
 .bss.BaroLow.8501
                0x2000096c        0x4 obj/src/IMU.o
 .bss.EstM.8478
                0x20000970        0xc obj/src/IMU.o
 .bss.BaroHigh.8500
                0x2000097c        0x4 obj/src/IMU.o
 .bss.EstG.8477
                0x20000980        0xc obj/src/IMU.o
 .bss.BaroHistIdx.8499
                0x2000098c        0x1 obj/src/IMU.o
 *fill*         0x2000098d        0x3 00
 .bss.angle     0x20000990        0x4 obj/src/IMU.o
                0x20000990                angle
 .bss.BaroHistTab.8498
                0x20000994       0x50 obj/src/IMU.o
 .bss.accLPF.8479
                0x200009e4        0xc obj/src/IMU.o
 .bss.gyroZero  0x200009f0        0x8 obj/src/IMU.o
                0x200009f0                gyroZero
 .bss.initialThrottleHold.8493
                0x200009f8        0x2 obj/src/MultiWii_2_1.o
 *fill*         0x200009fa        0x2 00
 .bss.lastGyro.8487
                0x200009fc        0x8 obj/src/MultiWii_2_1.o
 .bss.currentTime
                0x20000a04        0x4 obj/src/MultiWii_2_1.o
                0x20000a04                currentTime
 .bss.delta2.8489
                0x20000a08        0x8 obj/src/MultiWii_2_1.o
 .bss.errorAngleI.8491
                0x20000a10        0x4 obj/src/MultiWii_2_1.o
 .bss.previousTime
                0x20000a14        0x2 obj/src/MultiWii_2_1.o
                0x20000a14                previousTime
 *fill*         0x20000a16        0x2 00
 .bss.calibratedAccTime.8458
                0x20000a18        0x4 obj/src/MultiWii_2_1.o
 .bss.annex650_overrun_count
                0x20000a1c        0x2 obj/src/MultiWii_2_1.o
                0x20000a1c                annex650_overrun_count
 .bss.rcDelayCommand.8477
                0x20000a1e        0x1 obj/src/MultiWii_2_1.o
 .bss.taskOrder.8501
                0x20000a1f        0x1 obj/src/MultiWii_2_1.o
 .bss.delta1.8488
                0x20000a20        0x8 obj/src/MultiWii_2_1.o
 .bss.cycleTime
                0x20000a28        0x2 obj/src/MultiWii_2_1.o
                0x20000a28                cycleTime
 .bss.vbatTimer.8472
                0x20000a2a        0x1 obj/src/MultiWii_2_1.o
 *fill*         0x20000a2b        0x1 00
 .bss.errorGyroI.8490
                0x20000a2c        0x8 obj/src/MultiWii_2_1.o
 .bss.rcTime.8492
                0x20000a34        0x4 obj/src/MultiWii_2_1.o
 .bss.rcData4Values.8469
                0x20000a38       0x40 obj/src/RX.o
 .bss.rcDataMean.8470
                0x20000a78       0x10 obj/src/RX.o
 .bss.rc4ValuesIndex.8471
                0x20000a88        0x1 obj/src/RX.o
 *fill*         0x20000a89        0x3 00
 .bss.a.8475    0x20000a8c        0xc obj/src/Sensors.o
 .bss.magZeroTempMin.8530
                0x20000a98        0x8 obj/src/Sensors.o
 .bss.calibratingA
                0x20000aa0        0x2 obj/src/Sensors.o
                0x20000aa0                calibratingA
 .bss.i2c_errors_count
                0x20000aa2        0x2 obj/src/Sensors.o
                0x20000aa2                i2c_errors_count
 .bss.tCal.8529
                0x20000aa4        0x4 obj/src/Sensors.o
 .bss.EstAlt    0x20000aa8        0x4 obj/src/Sensors.o
                0x20000aa8                EstAlt
 .bss.g.8465    0x20000aac        0xc obj/src/Sensors.o
 .bss.BaroPID   0x20000ab8        0x2 obj/src/Sensors.o
                0x20000ab8                BaroPID
 *fill*         0x20000aba        0x2 00
 .bss.BaroAlt   0x20000abc        0x4 obj/src/Sensors.o
                0x20000abc                BaroAlt
 .bss.errorAltitudeI
                0x20000ac0        0x2 obj/src/Sensors.o
                0x20000ac0                errorAltitudeI
 *fill*         0x20000ac2        0x2 00
 .bss.t.8528    0x20000ac4        0x4 obj/src/Sensors.o
 .bss.magZeroTempMax.8531
                0x20000ac8        0x8 obj/src/Sensors.o
 .bss.previousGyroADC.8464
                0x20000ad0        0x8 obj/src/Sensors.o
 .bss.ms561101ba_ctx
                0x20000ad8       0x20 obj/src/Sensors.o
 .bss.magInit   0x20000af8        0x1 obj/src/Sensors.o
 *fill*         0x20000af9        0x3 00
 .bss.pressure  0x20000afc        0x4 obj/src/Sensors.o
 .bss.checksum  0x20000b00        0x1 obj/src/Serial.o
 .bss.indRX     0x20000b01        0x1 obj/src/Serial.o
 .bss.dataSize.8495
                0x20000b02        0x1 obj/src/Serial.o
 .bss.c_state.8503
                0x20000b03        0x1 obj/src/Serial.o
 .bss.cmdMSP    0x20000b04        0x1 obj/src/Serial.o
 .bss.offset.8494
                0x20000b05        0x1 obj/src/Serial.o
 *fill*         0x20000b06        0x2 00
 .bss.inBuf     0x20000b08       0x40 obj/src/Serial.o
 *(COMMON)
 COMMON         0x20000b48       0x14 obj/src/harness/analog.o
                0x20000b48                ParamSet
                0x20000b4c                f
                0x20000b50                ADCValues
 COMMON         0x20000b5c        0x4 obj/src/harness/clocks.o
                0x20000b5c                TicksuS
 COMMON         0x20000b60      0x818 obj/src/harness/serial.o
                0x20000b60                RxQNewHead
                0x20000b64                TxQ
                0x20000f64                TxQNewHead
                0x20000f68                TxQHead
                0x20000f6c                RxQTail
                0x20000f70                RxQHead
                0x20000f74                RxQ
                0x20001374                TxQTail
 COMMON         0x20001378        0x2 obj/src/Buzzer.o
                0x20001378                vbat
 *fill*         0x2000137a        0x2 00
 COMMON         0x2000137c       0x54 obj/src/EEPROM.o
                0x2000137c                conf
 COMMON         0x200013d0        0x8 obj/src/IMU.o
                0x200013d0                axisPID
                0x200013d6                acc_25deg
 COMMON         0x200013d8        0x4 obj/src/LCD.o
                0x200013d8                intPowerMeterSum
                0x200013da                intPowerTrigger1
 COMMON         0x200013dc       0x13 obj/src/MultiWii_2_1.o
                0x200013dc                debug
                0x200013e4                headFreeModeHold
                0x200013e8                dynD8
                0x200013ec                dynP8
 *fill*         0x200013ef        0x1 00
 COMMON         0x200013f0        0x8 obj/src/Output.o
                0x200013f0                motor
 COMMON         0x200013f8       0x4c obj/src/RX.o
                0x200013f8                lookupThrottleRC
                0x2000140e                rcFrameComplete
                0x20001410                rcCommand
                0x20001418                rcOptions
                0x20001428                rcData
                0x20001438                lookupPitchRollRC
 COMMON         0x20001444       0x3a obj/src/Sensors.o
                0x20001444                sonarAlt
                0x20001448                gyroADC
                0x20001450                BaroTemperature
                0x20001454                calibratingG
                0x20001458                accADC
                0x2000145e                magHold
                0x20001460                magADC
                0x20001468                rawADC
                0x20001470                AltHold
                0x20001474                accSmooth
                0x2000147a                acc_1G
                0x2000147c                heading
                0x20001480                . = ALIGN (0x4)
 *fill*         0x2000147e        0x2 00
                0x20001480                _ebss = .
                0x20001480                __bss_end__ = _ebss

._user_heap_stack
                0x20001480      0x400 load address 0x08016310
                0x20001480                . = ALIGN (0x4)
                0x20001480                PROVIDE (end, .)
                0x20001480                PROVIDE (_end, .)
                0x20001480                . = (. + _Min_Heap_Size)
                0x20001880                . = (. + _Min_Stack_Size)
 *fill*         0x20001480      0x400 00
                0x20001880                . = ALIGN (0x4)

.memory_b1_text
 *(.mb1text)
 *(.mb1text*)
 *(.mb1rodata)
 *(.mb1rodata*)

/DISCARD/
 libc.a(*)
 libm.a(*)
 libgcc.a(*)

.ARM.attributes
                0x00000000       0x35
 *(.ARM.attributes)
 .ARM.attributes
                0x00000000       0x1b c:/program files (x86)/codesourcery/sourcery_codebench_lite_for_arm_eabi/bin/../lib/gcc/arm-none-eabi/4.6.1/thumb2/crti.o
 .ARM.attributes
                0x0000001b       0x2b c:/program files (x86)/codesourcery/sourcery_codebench_lite_for_arm_eabi/bin/../lib/gcc/arm-none-eabi/4.6.1/thumb2/crtbegin.o
 .ARM.attributes
                0x00000046       0x39 obj/Libraries/STM32F4xx_StdPeriph_Driver/src/misc.o
 .ARM.attributes
                0x0000007f       0x39 obj/Libraries/STM32F4xx_StdPeriph_Driver/src/stm32f4xx_adc.o
 .ARM.attributes
                0x000000b8       0x39 obj/Libraries/STM32F4xx_StdPeriph_Driver/src/stm32f4xx_dma.o
 .ARM.attributes
                0x000000f1       0x39 obj/Libraries/STM32F4xx_StdPeriph_Driver/src/stm32f4xx_flash.o
 .ARM.attributes
                0x0000012a       0x39 obj/Libraries/STM32F4xx_StdPeriph_Driver/src/stm32f4xx_gpio.o
 .ARM.attributes
                0x00000163       0x39 obj/Libraries/STM32F4xx_StdPeriph_Driver/src/stm32f4xx_i2c.o
 .ARM.attributes
                0x0000019c       0x39 obj/Libraries/STM32F4xx_StdPeriph_Driver/src/stm32f4xx_rcc.o
 .ARM.attributes
                0x000001d5       0x39 obj/Libraries/STM32F4xx_StdPeriph_Driver/src/stm32f4xx_tim.o
 .ARM.attributes
                0x0000020e       0x39 obj/Libraries/STM32F4xx_StdPeriph_Driver/src/stm32f4xx_usart.o
 .ARM.attributes
                0x00000247       0x39 obj/src/harness/analog.o
 .ARM.attributes
                0x00000280       0x39 obj/src/harness/clocks.o
 .ARM.attributes
                0x000002b9       0x39 obj/src/harness/harness.o
 .ARM.attributes
                0x000002f2       0x39 obj/src/harness/i2c.o
 .ARM.attributes
                0x0000032b       0x39 obj/src/harness/isr.o
 .ARM.attributes
                0x00000364       0x39 obj/src/harness/leds.o
 .ARM.attributes
                0x0000039d       0x39 obj/src/harness/nonvolatile.o
 .ARM.attributes
                0x000003d6       0x39 obj/src/harness/pins.o
 .ARM.attributes
                0x0000040f       0x39 obj/src/harness/serial.o
 .ARM.attributes
                0x00000448       0x39 obj/src/Buzzer.o
 .ARM.attributes
                0x00000481       0x39 obj/src/EEPROM.o
 .ARM.attributes
                0x000004ba       0x39 obj/src/GPS.o
 .ARM.attributes
                0x000004f3       0x39 obj/src/IMU.o
 .ARM.attributes
                0x0000052c       0x39 obj/src/LCD.o
 .ARM.attributes
                0x00000565       0x39 obj/src/MultiWii_2_1.o
 .ARM.attributes
                0x0000059e       0x39 obj/src/Output.o
 .ARM.attributes
                0x000005d7       0x39 obj/src/RX.o
 .ARM.attributes
                0x00000610       0x39 obj/src/Sensors.o
 .ARM.attributes
                0x00000649       0x39 obj/src/Serial.o
 .ARM.attributes
                0x00000682       0x39 obj/src/system_stm32f4xx.o
 .ARM.attributes
                0x000006bb       0x21 obj/src/uavxarm_startups/startup_stm32f4xx.o
 .ARM.attributes
                0x000006dc       0x2b c:/program files (x86)/codesourcery/sourcery_codebench_lite_for_arm_eabi/bin/../lib/gcc/arm-none-eabi/4.6.1/../../../../arm-none-eabi/lib/thumb2\libm.a(lib_a-s_cos.o)
 .ARM.attributes
                0x00000707       0x2b c:/program files (x86)/codesourcery/sourcery_codebench_lite_for_arm_eabi/bin/../lib/gcc/arm-none-eabi/4.6.1/../../../../arm-none-eabi/lib/thumb2\libm.a(lib_a-s_sin.o)
 .ARM.attributes
                0x00000732       0x2b c:/program files (x86)/codesourcery/sourcery_codebench_lite_for_arm_eabi/bin/../lib/gcc/arm-none-eabi/4.6.1/../../../../arm-none-eabi/lib/thumb2\libm.a(lib_a-w_atan2.o)
 .ARM.attributes
                0x0000075d       0x2b c:/program files (x86)/codesourcery/sourcery_codebench_lite_for_arm_eabi/bin/../lib/gcc/arm-none-eabi/4.6.1/../../../../arm-none-eabi/lib/thumb2\libm.a(lib_a-w_pow.o)
 .ARM.attributes
                0x00000788       0x2b c:/program files (x86)/codesourcery/sourcery_codebench_lite_for_arm_eabi/bin/../lib/gcc/arm-none-eabi/4.6.1/../../../../arm-none-eabi/lib/thumb2\libm.a(lib_a-e_atan2.o)
 .ARM.attributes
                0x000007b3       0x2b c:/program files (x86)/codesourcery/sourcery_codebench_lite_for_arm_eabi/bin/../lib/gcc/arm-none-eabi/4.6.1/../../../../arm-none-eabi/lib/thumb2\libm.a(lib_a-e_pow.o)
 .ARM.attributes
                0x000007de       0x2b c:/program files (x86)/codesourcery/sourcery_codebench_lite_for_arm_eabi/bin/../lib/gcc/arm-none-eabi/4.6.1/../../../../arm-none-eabi/lib/thumb2\libm.a(lib_a-e_rem_pio2.o)
 .ARM.attributes
                0x00000809       0x2b c:/program files (x86)/codesourcery/sourcery_codebench_lite_for_arm_eabi/bin/../lib/gcc/arm-none-eabi/4.6.1/../../../../arm-none-eabi/lib/thumb2\libm.a(lib_a-e_sqrt.o)
 .ARM.attributes
                0x00000834       0x2b c:/program files (x86)/codesourcery/sourcery_codebench_lite_for_arm_eabi/bin/../lib/gcc/arm-none-eabi/4.6.1/../../../../arm-none-eabi/lib/thumb2\libm.a(lib_a-k_cos.o)
 .ARM.attributes
                0x0000085f       0x2b c:/program files (x86)/codesourcery/sourcery_codebench_lite_for_arm_eabi/bin/../lib/gcc/arm-none-eabi/4.6.1/../../../../arm-none-eabi/lib/thumb2\libm.a(lib_a-k_rem_pio2.o)
 .ARM.attributes
                0x0000088a       0x2b c:/program files (x86)/codesourcery/sourcery_codebench_lite_for_arm_eabi/bin/../lib/gcc/arm-none-eabi/4.6.1/../../../../arm-none-eabi/lib/thumb2\libm.a(lib_a-k_sin.o)
 .ARM.attributes
                0x000008b5       0x2b c:/program files (x86)/codesourcery/sourcery_codebench_lite_for_arm_eabi/bin/../lib/gcc/arm-none-eabi/4.6.1/../../../../arm-none-eabi/lib/thumb2\libm.a(lib_a-s_atan.o)
 .ARM.attributes
                0x000008e0       0x2b c:/program files (x86)/codesourcery/sourcery_codebench_lite_for_arm_eabi/bin/../lib/gcc/arm-none-eabi/4.6.1/../../../../arm-none-eabi/lib/thumb2\libm.a(lib_a-s_fabs.o)
 .ARM.attributes
                0x0000090b       0x2b c:/program files (x86)/codesourcery/sourcery_codebench_lite_for_arm_eabi/bin/../lib/gcc/arm-none-eabi/4.6.1/../../../../arm-none-eabi/lib/thumb2\libm.a(lib_a-s_finite.o)
 .ARM.attributes
                0x00000936       0x2b c:/program files (x86)/codesourcery/sourcery_codebench_lite_for_arm_eabi/bin/../lib/gcc/arm-none-eabi/4.6.1/../../../../arm-none-eabi/lib/thumb2\libm.a(lib_a-s_floor.o)
 .ARM.attributes
                0x00000961       0x2b c:/program files (x86)/codesourcery/sourcery_codebench_lite_for_arm_eabi/bin/../lib/gcc/arm-none-eabi/4.6.1/../../../../arm-none-eabi/lib/thumb2\libm.a(lib_a-s_fpclassify.o)
 .ARM.attributes
                0x0000098c       0x2b c:/program files (x86)/codesourcery/sourcery_codebench_lite_for_arm_eabi/bin/../lib/gcc/arm-none-eabi/4.6.1/../../../../arm-none-eabi/lib/thumb2\libm.a(lib_a-s_lib_ver.o)
 .ARM.attributes
                0x000009b7       0x2b c:/program files (x86)/codesourcery/sourcery_codebench_lite_for_arm_eabi/bin/../lib/gcc/arm-none-eabi/4.6.1/../../../../arm-none-eabi/lib/thumb2\libm.a(lib_a-s_matherr.o)
 .ARM.attributes
                0x000009e2       0x2b c:/program files (x86)/codesourcery/sourcery_codebench_lite_for_arm_eabi/bin/../lib/gcc/arm-none-eabi/4.6.1/../../../../arm-none-eabi/lib/thumb2\libm.a(lib_a-s_nan.o)
 .ARM.attributes
                0x00000a0d       0x2b c:/program files (x86)/codesourcery/sourcery_codebench_lite_for_arm_eabi/bin/../lib/gcc/arm-none-eabi/4.6.1/../../../../arm-none-eabi/lib/thumb2\libm.a(lib_a-s_rint.o)
 .ARM.attributes
                0x00000a38       0x2b c:/program files (x86)/codesourcery/sourcery_codebench_lite_for_arm_eabi/bin/../lib/gcc/arm-none-eabi/4.6.1/../../../../arm-none-eabi/lib/thumb2\libm.a(lib_a-s_scalbn.o)
 .ARM.attributes
                0x00000a63       0x2b c:/program files (x86)/codesourcery/sourcery_codebench_lite_for_arm_eabi/bin/../lib/gcc/arm-none-eabi/4.6.1/../../../../arm-none-eabi/lib/thumb2\libm.a(lib_a-s_copysign.o)
 .ARM.attributes
                0x00000a8e       0x1b c:/program files (x86)/codesourcery/sourcery_codebench_lite_for_arm_eabi/bin/../lib/gcc/arm-none-eabi/4.6.1/thumb2\libgcc.a(_arm_addsubdf3.o)
 .ARM.attributes
                0x00000aa9       0x1b c:/program files (x86)/codesourcery/sourcery_codebench_lite_for_arm_eabi/bin/../lib/gcc/arm-none-eabi/4.6.1/thumb2\libgcc.a(_arm_muldivdf3.o)
 .ARM.attributes
                0x00000ac4       0x1b c:/program files (x86)/codesourcery/sourcery_codebench_lite_for_arm_eabi/bin/../lib/gcc/arm-none-eabi/4.6.1/thumb2\libgcc.a(_arm_cmpdf2.o)
 .ARM.attributes
                0x00000adf       0x1b c:/program files (x86)/codesourcery/sourcery_codebench_lite_for_arm_eabi/bin/../lib/gcc/arm-none-eabi/4.6.1/thumb2\libgcc.a(_arm_fixdfsi.o)
 .ARM.attributes
                0x00000afa       0x1b c:/program files (x86)/codesourcery/sourcery_codebench_lite_for_arm_eabi/bin/../lib/gcc/arm-none-eabi/4.6.1/thumb2\libgcc.a(_arm_truncdfsf2.o)
 .ARM.attributes
                0x00000b15       0x2b c:/program files (x86)/codesourcery/sourcery_codebench_lite_for_arm_eabi/bin/../lib/gcc/arm-none-eabi/4.6.1/../../../../arm-none-eabi/lib/thumb2\libc.a(lib_a-errno.o)
 .ARM.attributes
                0x00000b40       0x2b c:/program files (x86)/codesourcery/sourcery_codebench_lite_for_arm_eabi/bin/../lib/gcc/arm-none-eabi/4.6.1/../../../../arm-none-eabi/lib/thumb2\libc.a(lib_a-impure.o)
 .ARM.attributes
                0x00000b6b       0x2b c:/program files (x86)/codesourcery/sourcery_codebench_lite_for_arm_eabi/bin/../lib/gcc/arm-none-eabi/4.6.1/../../../../arm-none-eabi/lib/thumb2\libc.a(lib_a-init.o)
 .ARM.attributes
                0x00000b96       0x1b c:/program files (x86)/codesourcery/sourcery_codebench_lite_for_arm_eabi/bin/../lib/gcc/arm-none-eabi/4.6.1/thumb2/crtn.o
OUTPUT(obj/UAVXArm32F4_MW2_1_QUADX.elf elf32-littlearm)

.debug_info     0x00000000    0x16aba
 .debug_info    0x00000000      0x59a obj/Libraries/STM32F4xx_StdPeriph_Driver/src/misc.o
 .debug_info    0x0000059a      0xcf0 obj/Libraries/STM32F4xx_StdPeriph_Driver/src/stm32f4xx_adc.o
 .debug_info    0x0000128a      0x79f obj/Libraries/STM32F4xx_StdPeriph_Driver/src/stm32f4xx_dma.o
 .debug_info    0x00001a29      0x83b obj/Libraries/STM32F4xx_StdPeriph_Driver/src/stm32f4xx_flash.o
 .debug_info    0x00002264      0x62f obj/Libraries/STM32F4xx_StdPeriph_Driver/src/stm32f4xx_gpio.o
 .debug_info    0x00002893      0xb91 obj/Libraries/STM32F4xx_StdPeriph_Driver/src/stm32f4xx_i2c.o
 .debug_info    0x00003424      0xdc1 obj/Libraries/STM32F4xx_StdPeriph_Driver/src/stm32f4xx_rcc.o
 .debug_info    0x000041e5     0x234f obj/Libraries/STM32F4xx_StdPeriph_Driver/src/stm32f4xx_tim.o
 .debug_info    0x00006534      0xa44 obj/Libraries/STM32F4xx_StdPeriph_Driver/src/stm32f4xx_usart.o
 .debug_info    0x00006f78      0x2db obj/src/harness/analog.o
 .debug_info    0x00007253      0xbd4 obj/src/harness/clocks.o
 .debug_info    0x00007e27     0x1e09 obj/src/harness/harness.o
 .debug_info    0x00009c30      0xd81 obj/src/harness/i2c.o
 .debug_info    0x0000a9b1      0x769 obj/src/harness/isr.o
 .debug_info    0x0000b11a      0xd81 obj/src/harness/leds.o
 .debug_info    0x0000be9b      0x63f obj/src/harness/nonvolatile.o
 .debug_info    0x0000c4da     0x1079 obj/src/harness/pins.o
 .debug_info    0x0000d553      0xbb0 obj/src/harness/serial.o
 .debug_info    0x0000e103      0xc5f obj/src/Buzzer.o
 .debug_info    0x0000ed62      0x4ce obj/src/EEPROM.o
 .debug_info    0x0000f230      0x378 obj/src/GPS.o
 .debug_info    0x0000f5a8      0x984 obj/src/IMU.o
 .debug_info    0x0000ff2c      0x251 obj/src/LCD.o
 .debug_info    0x0001017d     0x11ab obj/src/MultiWii_2_1.o
 .debug_info    0x00011328      0xe6f obj/src/Output.o
 .debug_info    0x00012197      0xd52 obj/src/RX.o
 .debug_info    0x00012ee9      0xcc7 obj/src/Sensors.o
 .debug_info    0x00013bb0     0x2864 obj/src/Serial.o
 .debug_info    0x00016414      0x641 obj/src/system_stm32f4xx.o
 .debug_info    0x00016a55       0x65 obj/src/uavxarm_startups/startup_stm32f4xx.o

.debug_abbrev   0x00000000     0x3ac1
 .debug_abbrev  0x00000000      0x14e obj/Libraries/STM32F4xx_StdPeriph_Driver/src/misc.o
 .debug_abbrev  0x0000014e      0x1e6 obj/Libraries/STM32F4xx_StdPeriph_Driver/src/stm32f4xx_adc.o
 .debug_abbrev  0x00000334      0x19e obj/Libraries/STM32F4xx_StdPeriph_Driver/src/stm32f4xx_dma.o
 .debug_abbrev  0x000004d2      0x247 obj/Libraries/STM32F4xx_StdPeriph_Driver/src/stm32f4xx_flash.o
 .debug_abbrev  0x00000719      0x1d0 obj/Libraries/STM32F4xx_StdPeriph_Driver/src/stm32f4xx_gpio.o
 .debug_abbrev  0x000008e9      0x196 obj/Libraries/STM32F4xx_StdPeriph_Driver/src/stm32f4xx_i2c.o
 .debug_abbrev  0x00000a7f      0x297 obj/Libraries/STM32F4xx_StdPeriph_Driver/src/stm32f4xx_rcc.o
 .debug_abbrev  0x00000d16      0x24b obj/Libraries/STM32F4xx_StdPeriph_Driver/src/stm32f4xx_tim.o
 .debug_abbrev  0x00000f61      0x1ad obj/Libraries/STM32F4xx_StdPeriph_Driver/src/stm32f4xx_usart.o
 .debug_abbrev  0x0000110e      0x108 obj/src/harness/analog.o
 .debug_abbrev  0x00001216      0x2f7 obj/src/harness/clocks.o
 .debug_abbrev  0x0000150d      0x368 obj/src/harness/harness.o
 .debug_abbrev  0x00001875      0x31f obj/src/harness/i2c.o
 .debug_abbrev  0x00001b94      0x137 obj/src/harness/isr.o
 .debug_abbrev  0x00001ccb      0x283 obj/src/harness/leds.o
 .debug_abbrev  0x00001f4e      0x1b4 obj/src/harness/nonvolatile.o
 .debug_abbrev  0x00002102      0x149 obj/src/harness/pins.o
 .debug_abbrev  0x0000224b      0x26b obj/src/harness/serial.o
 .debug_abbrev  0x000024b6      0x227 obj/src/Buzzer.o
 .debug_abbrev  0x000026dd      0x172 obj/src/EEPROM.o
 .debug_abbrev  0x0000284f       0xb8 obj/src/GPS.o
 .debug_abbrev  0x00002907      0x22a obj/src/IMU.o
 .debug_abbrev  0x00002b31       0x95 obj/src/LCD.o
 .debug_abbrev  0x00002bc6      0x20f obj/src/MultiWii_2_1.o
 .debug_abbrev  0x00002dd5      0x288 obj/src/Output.o
 .debug_abbrev  0x0000305d      0x277 obj/src/RX.o
 .debug_abbrev  0x000032d4      0x30b obj/src/Sensors.o
 .debug_abbrev  0x000035df      0x364 obj/src/Serial.o
 .debug_abbrev  0x00003943      0x16c obj/src/system_stm32f4xx.o
 .debug_abbrev  0x00003aaf       0x12 obj/src/uavxarm_startups/startup_stm32f4xx.o

.debug_loc      0x00000000     0xab4a
 .debug_loc     0x00000000      0x130 obj/Libraries/STM32F4xx_StdPeriph_Driver/src/misc.o
 .debug_loc     0x00000130      0xa87 obj/Libraries/STM32F4xx_StdPeriph_Driver/src/stm32f4xx_adc.o
 .debug_loc     0x00000bb7      0x4ab obj/Libraries/STM32F4xx_StdPeriph_Driver/src/stm32f4xx_dma.o
 .debug_loc     0x00001062      0x6ca obj/Libraries/STM32F4xx_StdPeriph_Driver/src/stm32f4xx_flash.o
 .debug_loc     0x0000172c      0x2db obj/Libraries/STM32F4xx_StdPeriph_Driver/src/stm32f4xx_gpio.o
 .debug_loc     0x00001a07      0x810 obj/Libraries/STM32F4xx_StdPeriph_Driver/src/stm32f4xx_i2c.o
 .debug_loc     0x00002217      0x944 obj/Libraries/STM32F4xx_StdPeriph_Driver/src/stm32f4xx_rcc.o
 .debug_loc     0x00002b5b     0x1a9b obj/Libraries/STM32F4xx_StdPeriph_Driver/src/stm32f4xx_tim.o
 .debug_loc     0x000045f6      0x719 obj/Libraries/STM32F4xx_StdPeriph_Driver/src/stm32f4xx_usart.o
 .debug_loc     0x00004d0f       0x6f obj/src/harness/analog.o
 .debug_loc     0x00004d7e      0x110 obj/src/harness/clocks.o
 .debug_loc     0x00004e8e      0x719 obj/src/harness/harness.o
 .debug_loc     0x000055a7      0xb21 obj/src/harness/i2c.o
 .debug_loc     0x000060c8       0xc0 obj/src/harness/isr.o
 .debug_loc     0x00006188      0x352 obj/src/harness/leds.o
 .debug_loc     0x000064da      0x2a4 obj/src/harness/nonvolatile.o
 .debug_loc     0x0000677e      0x244 obj/src/harness/serial.o
 .debug_loc     0x000069c2      0x143 obj/src/Buzzer.o
 .debug_loc     0x00006b05      0x233 obj/src/EEPROM.o
 .debug_loc     0x00006d38      0x426 obj/src/IMU.o
 .debug_loc     0x0000715e      0x57a obj/src/MultiWii_2_1.o
 .debug_loc     0x000076d8      0xb25 obj/src/Output.o
 .debug_loc     0x000081fd      0x670 obj/src/RX.o
 .debug_loc     0x0000886d      0x703 obj/src/Sensors.o
 .debug_loc     0x00008f70     0x1a56 obj/src/Serial.o
 .debug_loc     0x0000a9c6      0x184 obj/src/system_stm32f4xx.o

.debug_aranges  0x00000000     0x10a8
 .debug_aranges
                0x00000000       0x40 obj/Libraries/STM32F4xx_StdPeriph_Driver/src/misc.o
 .debug_aranges
                0x00000040      0x148 obj/Libraries/STM32F4xx_StdPeriph_Driver/src/stm32f4xx_adc.o
 .debug_aranges
                0x00000188       0xb0 obj/Libraries/STM32F4xx_StdPeriph_Driver/src/stm32f4xx_dma.o
 .debug_aranges
                0x00000238      0x108 obj/Libraries/STM32F4xx_StdPeriph_Driver/src/stm32f4xx_flash.o
 .debug_aranges
                0x00000340       0x88 obj/Libraries/STM32F4xx_StdPeriph_Driver/src/stm32f4xx_gpio.o
 .debug_aranges
                0x000003c8      0x120 obj/Libraries/STM32F4xx_StdPeriph_Driver/src/stm32f4xx_i2c.o
 .debug_aranges
                0x000004e8      0x178 obj/Libraries/STM32F4xx_StdPeriph_Driver/src/stm32f4xx_rcc.o
 .debug_aranges
                0x00000660      0x2d8 obj/Libraries/STM32F4xx_StdPeriph_Driver/src/stm32f4xx_tim.o
 .debug_aranges
                0x00000938      0x100 obj/Libraries/STM32F4xx_StdPeriph_Driver/src/stm32f4xx_usart.o
 .debug_aranges
                0x00000a38       0x28 obj/src/harness/analog.o
 .debug_aranges
                0x00000a60       0x48 obj/src/harness/clocks.o
 .debug_aranges
                0x00000aa8       0x80 obj/src/harness/harness.o
 .debug_aranges
                0x00000b28       0x90 obj/src/harness/i2c.o
 .debug_aranges
                0x00000bb8       0xb0 obj/src/harness/isr.o
 .debug_aranges
                0x00000c68       0x80 obj/src/harness/leds.o
 .debug_aranges
                0x00000ce8       0x38 obj/src/harness/nonvolatile.o
 .debug_aranges
                0x00000d20       0x50 obj/src/harness/serial.o
 .debug_aranges
                0x00000d70       0x38 obj/src/Buzzer.o
 .debug_aranges
                0x00000da8       0x30 obj/src/EEPROM.o
 .debug_aranges
                0x00000dd8       0x40 obj/src/IMU.o
 .debug_aranges
                0x00000e18       0x30 obj/src/MultiWii_2_1.o
 .debug_aranges
                0x00000e48       0x60 obj/src/Output.o
 .debug_aranges
                0x00000ea8       0x38 obj/src/RX.o
 .debug_aranges
                0x00000ee0       0xd0 obj/src/Sensors.o
 .debug_aranges
                0x00000fb0       0xa8 obj/src/Serial.o
 .debug_aranges
                0x00001058       0x28 obj/src/system_stm32f4xx.o
 .debug_aranges
                0x00001080       0x28 obj/src/uavxarm_startups/startup_stm32f4xx.o

.debug_ranges   0x00000000     0x4030
 .debug_ranges  0x00000000       0x30 obj/Libraries/STM32F4xx_StdPeriph_Driver/src/misc.o
 .debug_ranges  0x00000030      0x138 obj/Libraries/STM32F4xx_StdPeriph_Driver/src/stm32f4xx_adc.o
 .debug_ranges  0x00000168       0xa0 obj/Libraries/STM32F4xx_StdPeriph_Driver/src/stm32f4xx_dma.o
 .debug_ranges  0x00000208      0x198 obj/Libraries/STM32F4xx_StdPeriph_Driver/src/stm32f4xx_flash.o
 .debug_ranges  0x000003a0       0x78 obj/Libraries/STM32F4xx_StdPeriph_Driver/src/stm32f4xx_gpio.o
 .debug_ranges  0x00000418      0x110 obj/Libraries/STM32F4xx_StdPeriph_Driver/src/stm32f4xx_i2c.o
 .debug_ranges  0x00000528      0x198 obj/Libraries/STM32F4xx_StdPeriph_Driver/src/stm32f4xx_rcc.o
 .debug_ranges  0x000006c0      0x428 obj/Libraries/STM32F4xx_StdPeriph_Driver/src/stm32f4xx_tim.o
 .debug_ranges  0x00000ae8       0xf0 obj/Libraries/STM32F4xx_StdPeriph_Driver/src/stm32f4xx_usart.o
 .debug_ranges  0x00000bd8       0x18 obj/src/harness/analog.o
 .debug_ranges  0x00000bf0       0xb8 obj/src/harness/clocks.o
 .debug_ranges  0x00000ca8      0x388 obj/src/harness/harness.o
 .debug_ranges  0x00001030      0x1d0 obj/src/harness/i2c.o
 .debug_ranges  0x00001200       0xa0 obj/src/harness/isr.o
 .debug_ranges  0x000012a0      0x168 obj/src/harness/leds.o
 .debug_ranges  0x00001408       0x28 obj/src/harness/nonvolatile.o
 .debug_ranges  0x00001430       0xd8 obj/src/harness/serial.o
 .debug_ranges  0x00001508       0x58 obj/src/Buzzer.o
 .debug_ranges  0x00001560       0xb8 obj/src/EEPROM.o
 .debug_ranges  0x00001618      0x1b8 obj/src/IMU.o
 .debug_ranges  0x000017d0       0x98 obj/src/MultiWii_2_1.o
 .debug_ranges  0x00001868      0x278 obj/src/Output.o
 .debug_ranges  0x00001ae0       0xe8 obj/src/RX.o
 .debug_ranges  0x00001bc8      0x208 obj/src/Sensors.o
 .debug_ranges  0x00001dd0     0x21f8 obj/src/Serial.o
 .debug_ranges  0x00003fc8       0x48 obj/src/system_stm32f4xx.o
 .debug_ranges  0x00004010       0x20 obj/src/uavxarm_startups/startup_stm32f4xx.o

.debug_line     0x00000000     0x8500
 .debug_line    0x00000000      0x1f9 obj/Libraries/STM32F4xx_StdPeriph_Driver/src/misc.o
 .debug_line    0x000001f9      0x547 obj/Libraries/STM32F4xx_StdPeriph_Driver/src/stm32f4xx_adc.o
 .debug_line    0x00000740      0x3e7 obj/Libraries/STM32F4xx_StdPeriph_Driver/src/stm32f4xx_dma.o
 .debug_line    0x00000b27      0x46e obj/Libraries/STM32F4xx_StdPeriph_Driver/src/stm32f4xx_flash.o
 .debug_line    0x00000f95      0x3be obj/Libraries/STM32F4xx_StdPeriph_Driver/src/stm32f4xx_gpio.o
 .debug_line    0x00001353      0x4d1 obj/Libraries/STM32F4xx_StdPeriph_Driver/src/stm32f4xx_i2c.o
 .debug_line    0x00001824      0x56c obj/Libraries/STM32F4xx_StdPeriph_Driver/src/stm32f4xx_rcc.o
 .debug_line    0x00001d90      0xb9c obj/Libraries/STM32F4xx_StdPeriph_Driver/src/stm32f4xx_tim.o
 .debug_line    0x0000292c      0x499 obj/Libraries/STM32F4xx_StdPeriph_Driver/src/stm32f4xx_usart.o
 .debug_line    0x00002dc5      0x13e obj/src/harness/analog.o
 .debug_line    0x00002f03      0x2f4 obj/src/harness/clocks.o
 .debug_line    0x000031f7      0xd8b obj/src/harness/harness.o
 .debug_line    0x00003f82      0x7ee obj/src/harness/i2c.o
 .debug_line    0x00004770      0x2bb obj/src/harness/isr.o
 .debug_line    0x00004a2b      0x2c4 obj/src/harness/leds.o
 .debug_line    0x00004cef      0x249 obj/src/harness/nonvolatile.o
 .debug_line    0x00004f38      0x187 obj/src/harness/pins.o
 .debug_line    0x000050bf      0x271 obj/src/harness/serial.o
 .debug_line    0x00005330      0x27b obj/src/Buzzer.o
 .debug_line    0x000055ab      0x252 obj/src/EEPROM.o
 .debug_line    0x000057fd       0xf3 obj/src/GPS.o
 .debug_line    0x000058f0      0x394 obj/src/IMU.o
 .debug_line    0x00005c84       0xf3 obj/src/LCD.o
 .debug_line    0x00005d77      0x6c2 obj/src/MultiWii_2_1.o
 .debug_line    0x00006439      0x397 obj/src/Output.o
 .debug_line    0x000067d0      0x39c obj/src/RX.o
 .debug_line    0x00006b6c      0x5c3 obj/src/Sensors.o
 .debug_line    0x0000712f     0x117f obj/src/Serial.o
 .debug_line    0x000082ae      0x1cd obj/src/system_stm32f4xx.o
 .debug_line    0x0000847b       0x85 obj/src/uavxarm_startups/startup_stm32f4xx.o

.debug_str      0x00000000     0x495d
 .debug_str     0x00000000      0x2fa obj/Libraries/STM32F4xx_StdPeriph_Driver/src/misc.o
                                0x33d (size before relaxing)
 .debug_str     0x000002fa      0x64b obj/Libraries/STM32F4xx_StdPeriph_Driver/src/stm32f4xx_adc.o
                                0x768 (size before relaxing)
 .debug_str     0x00000945      0x374 obj/Libraries/STM32F4xx_StdPeriph_Driver/src/stm32f4xx_dma.o
                                0x4b0 (size before relaxing)
 .debug_str     0x00000cb9      0x3b9 obj/Libraries/STM32F4xx_StdPeriph_Driver/src/stm32f4xx_flash.o
                                0x4eb (size before relaxing)
 .debug_str     0x00001072      0x318 obj/Libraries/STM32F4xx_StdPeriph_Driver/src/stm32f4xx_gpio.o
                                0x407 (size before relaxing)
 .debug_str     0x0000138a      0x44d obj/Libraries/STM32F4xx_StdPeriph_Driver/src/stm32f4xx_i2c.o
                                0x5c9 (size before relaxing)
 .debug_str     0x000017d7      0x5b9 obj/Libraries/STM32F4xx_StdPeriph_Driver/src/stm32f4xx_rcc.o
                                0x7b4 (size before relaxing)
 .debug_str     0x00001d90      0xb65 obj/Libraries/STM32F4xx_StdPeriph_Driver/src/stm32f4xx_tim.o
                                0xd34 (size before relaxing)
 .debug_str     0x000028f5      0x420 obj/Libraries/STM32F4xx_StdPeriph_Driver/src/stm32f4xx_usart.o
                                0x5f3 (size before relaxing)
 .debug_str     0x00002d15      0x135 obj/src/harness/analog.o
                                0x214 (size before relaxing)
 .debug_str     0x00002e4a      0x614 obj/src/harness/clocks.o
                                0x930 (size before relaxing)
 .debug_str     0x0000345e      0x38f obj/src/harness/harness.o
                               0x12ae (size before relaxing)
 .debug_str     0x000037ed      0x193 obj/src/harness/i2c.o
                                0x4d3 (size before relaxing)
 .debug_str     0x00003980      0x162 obj/src/harness/isr.o
                                0x498 (size before relaxing)
 .debug_str     0x00003ae2      0x153 obj/src/harness/leds.o
                                0xaa9 (size before relaxing)
 .debug_str     0x00003c35       0xf8 obj/src/harness/nonvolatile.o
                                0x380 (size before relaxing)
 .debug_str     0x00003d2d       0x13 obj/src/harness/pins.o
                                0xb55 (size before relaxing)
 .debug_str     0x00003d40       0x6b obj/src/harness/serial.o
                                0x908 (size before relaxing)
 .debug_str     0x00003dab       0xe4 obj/src/Buzzer.o
                                0xaaf (size before relaxing)
 .debug_str     0x00003e8f       0x56 obj/src/EEPROM.o
                                0x2f2 (size before relaxing)
 .debug_str     0x00003ee5       0xc0 obj/src/GPS.o
                                0x294 (size before relaxing)
 .debug_str     0x00003fa5      0x1d2 obj/src/IMU.o
                                0x459 (size before relaxing)
 .debug_str     0x00004177       0x2c obj/src/LCD.o
                                0x1f8 (size before relaxing)
 .debug_str     0x000041a3      0x22c obj/src/MultiWii_2_1.o
                                0xd6f (size before relaxing)
 .debug_str     0x000043cf       0xaa obj/src/Output.o
                                0xa2a (size before relaxing)
 .debug_str     0x00004479       0xbc obj/src/RX.o
                                0xad3 (size before relaxing)
 .debug_str     0x00004535      0x22d obj/src/Sensors.o
                                0x5ad (size before relaxing)
 .debug_str     0x00004762      0x192 obj/src/Serial.o
                                0x4a8 (size before relaxing)
 .debug_str     0x000048f4       0x69 obj/src/system_stm32f4xx.o
                                0x2ef (size before relaxing)

.comment        0x00000000       0x30
 .comment       0x00000000       0x30 obj/Libraries/STM32F4xx_StdPeriph_Driver/src/misc.o
                                 0x31 (size before relaxing)
 .comment       0x00000000       0x31 obj/Libraries/STM32F4xx_StdPeriph_Driver/src/stm32f4xx_adc.o
 .comment       0x00000000       0x31 obj/Libraries/STM32F4xx_StdPeriph_Driver/src/stm32f4xx_dma.o
 .comment       0x00000000       0x31 obj/Libraries/STM32F4xx_StdPeriph_Driver/src/stm32f4xx_flash.o
 .comment       0x00000000       0x31 obj/Libraries/STM32F4xx_StdPeriph_Driver/src/stm32f4xx_gpio.o
 .comment       0x00000000       0x31 obj/Libraries/STM32F4xx_StdPeriph_Driver/src/stm32f4xx_i2c.o
 .comment       0x00000000       0x31 obj/Libraries/STM32F4xx_StdPeriph_Driver/src/stm32f4xx_rcc.o
 .comment       0x00000000       0x31 obj/Libraries/STM32F4xx_StdPeriph_Driver/src/stm32f4xx_tim.o
 .comment       0x00000000       0x31 obj/Libraries/STM32F4xx_StdPeriph_Driver/src/stm32f4xx_usart.o
 .comment       0x00000000       0x31 obj/src/harness/analog.o
 .comment       0x00000000       0x31 obj/src/harness/clocks.o
 .comment       0x00000000       0x31 obj/src/harness/harness.o
 .comment       0x00000000       0x31 obj/src/harness/i2c.o
 .comment       0x00000000       0x31 obj/src/harness/isr.o
 .comment       0x00000000       0x31 obj/src/harness/leds.o
 .comment       0x00000000       0x31 obj/src/harness/nonvolatile.o
 .comment       0x00000000       0x31 obj/src/harness/pins.o
 .comment       0x00000000       0x31 obj/src/harness/serial.o
 .comment       0x00000000       0x31 obj/src/Buzzer.o
 .comment       0x00000000       0x31 obj/src/EEPROM.o
 .comment       0x00000000       0x31 obj/src/GPS.o
 .comment       0x00000000       0x31 obj/src/IMU.o
 .comment       0x00000000       0x31 obj/src/LCD.o
 .comment       0x00000000       0x31 obj/src/MultiWii_2_1.o
 .comment       0x00000000       0x31 obj/src/Output.o
 .comment       0x00000000       0x31 obj/src/RX.o
 .comment       0x00000000       0x31 obj/src/Sensors.o
 .comment       0x00000000       0x31 obj/src/Serial.o
 .comment       0x00000000       0x31 obj/src/system_stm32f4xx.o

.debug_frame    0x00000000     0x29f8
 .debug_frame   0x00000000       0x68 obj/Libraries/STM32F4xx_StdPeriph_Driver/src/misc.o
 .debug_frame   0x00000068      0x2b0 obj/Libraries/STM32F4xx_StdPeriph_Driver/src/stm32f4xx_adc.o
 .debug_frame   0x00000318      0x178 obj/Libraries/STM32F4xx_StdPeriph_Driver/src/stm32f4xx_dma.o
 .debug_frame   0x00000490      0x260 obj/Libraries/STM32F4xx_StdPeriph_Driver/src/stm32f4xx_flash.o
 .debug_frame   0x000006f0      0x11c obj/Libraries/STM32F4xx_StdPeriph_Driver/src/stm32f4xx_gpio.o
 .debug_frame   0x0000080c      0x240 obj/Libraries/STM32F4xx_StdPeriph_Driver/src/stm32f4xx_i2c.o
 .debug_frame   0x00000a4c      0x2dc obj/Libraries/STM32F4xx_StdPeriph_Driver/src/stm32f4xx_rcc.o
 .debug_frame   0x00000d28      0x64c obj/Libraries/STM32F4xx_StdPeriph_Driver/src/stm32f4xx_tim.o
 .debug_frame   0x00001374      0x210 obj/Libraries/STM32F4xx_StdPeriph_Driver/src/stm32f4xx_usart.o
 .debug_frame   0x00001584       0x30 obj/src/harness/analog.o